Archive member included to satisfy reference by file (symbol)

C:/ST/STM32CubeCLT/GNU-tools-for-STM32/bin/../lib/gcc/arm-none-eabi/11.3.1/../../../../arm-none-eabi/lib/thumb/v7-m/nofp\libc_nano.a(libc_a-exit.o)
                              C:/ST/STM32CubeCLT/GNU-tools-for-STM32/bin/../lib/gcc/arm-none-eabi/11.3.1/../../../../arm-none-eabi/lib/thumb/v7-m/nofp/crt0.o (exit)
C:/ST/STM32CubeCLT/GNU-tools-for-STM32/bin/../lib/gcc/arm-none-eabi/11.3.1/../../../../arm-none-eabi/lib/thumb/v7-m/nofp\libc_nano.a(libc_a-findfp.o)
                              C:/ST/STM32CubeCLT/GNU-tools-for-STM32/bin/../lib/gcc/arm-none-eabi/11.3.1/../../../../arm-none-eabi/lib/thumb/v7-m/nofp\libc_nano.a(libc_a-exit.o) (__stdio_exit_handler)
C:/ST/STM32CubeCLT/GNU-tools-for-STM32/bin/../lib/gcc/arm-none-eabi/11.3.1/../../../../arm-none-eabi/lib/thumb/v7-m/nofp\libc_nano.a(libc_a-fwalk.o)
                              C:/ST/STM32CubeCLT/GNU-tools-for-STM32/bin/../lib/gcc/arm-none-eabi/11.3.1/../../../../arm-none-eabi/lib/thumb/v7-m/nofp\libc_nano.a(libc_a-findfp.o) (_fwalk_sglue)
C:/ST/STM32CubeCLT/GNU-tools-for-STM32/bin/../lib/gcc/arm-none-eabi/11.3.1/../../../../arm-none-eabi/lib/thumb/v7-m/nofp\libc_nano.a(libc_a-stdio.o)
                              C:/ST/STM32CubeCLT/GNU-tools-for-STM32/bin/../lib/gcc/arm-none-eabi/11.3.1/../../../../arm-none-eabi/lib/thumb/v7-m/nofp\libc_nano.a(libc_a-findfp.o) (__sread)
C:/ST/STM32CubeCLT/GNU-tools-for-STM32/bin/../lib/gcc/arm-none-eabi/11.3.1/../../../../arm-none-eabi/lib/thumb/v7-m/nofp\libc_nano.a(libc_a-memset.o)
                              C:/ST/STM32CubeCLT/GNU-tools-for-STM32/bin/../lib/gcc/arm-none-eabi/11.3.1/../../../../arm-none-eabi/lib/thumb/v7-m/nofp/crt0.o (memset)
C:/ST/STM32CubeCLT/GNU-tools-for-STM32/bin/../lib/gcc/arm-none-eabi/11.3.1/../../../../arm-none-eabi/lib/thumb/v7-m/nofp\libc_nano.a(libc_a-closer.o)
                              C:/ST/STM32CubeCLT/GNU-tools-for-STM32/bin/../lib/gcc/arm-none-eabi/11.3.1/../../../../arm-none-eabi/lib/thumb/v7-m/nofp\libc_nano.a(libc_a-stdio.o) (_close_r)
C:/ST/STM32CubeCLT/GNU-tools-for-STM32/bin/../lib/gcc/arm-none-eabi/11.3.1/../../../../arm-none-eabi/lib/thumb/v7-m/nofp\libc_nano.a(libc_a-reent.o)
                              C:/ST/STM32CubeCLT/GNU-tools-for-STM32/bin/../lib/gcc/arm-none-eabi/11.3.1/../../../../arm-none-eabi/lib/thumb/v7-m/nofp\libc_nano.a(libc_a-closer.o) (errno)
C:/ST/STM32CubeCLT/GNU-tools-for-STM32/bin/../lib/gcc/arm-none-eabi/11.3.1/../../../../arm-none-eabi/lib/thumb/v7-m/nofp\libc_nano.a(libc_a-impure.o)
                              C:/ST/STM32CubeCLT/GNU-tools-for-STM32/bin/../lib/gcc/arm-none-eabi/11.3.1/../../../../arm-none-eabi/lib/thumb/v7-m/nofp\libc_nano.a(libc_a-reent.o) (_impure_ptr)
C:/ST/STM32CubeCLT/GNU-tools-for-STM32/bin/../lib/gcc/arm-none-eabi/11.3.1/../../../../arm-none-eabi/lib/thumb/v7-m/nofp\libc_nano.a(libc_a-lseekr.o)
                              C:/ST/STM32CubeCLT/GNU-tools-for-STM32/bin/../lib/gcc/arm-none-eabi/11.3.1/../../../../arm-none-eabi/lib/thumb/v7-m/nofp\libc_nano.a(libc_a-stdio.o) (_lseek_r)
C:/ST/STM32CubeCLT/GNU-tools-for-STM32/bin/../lib/gcc/arm-none-eabi/11.3.1/../../../../arm-none-eabi/lib/thumb/v7-m/nofp\libc_nano.a(libc_a-readr.o)
                              C:/ST/STM32CubeCLT/GNU-tools-for-STM32/bin/../lib/gcc/arm-none-eabi/11.3.1/../../../../arm-none-eabi/lib/thumb/v7-m/nofp\libc_nano.a(libc_a-stdio.o) (_read_r)
C:/ST/STM32CubeCLT/GNU-tools-for-STM32/bin/../lib/gcc/arm-none-eabi/11.3.1/../../../../arm-none-eabi/lib/thumb/v7-m/nofp\libc_nano.a(libc_a-writer.o)
                              C:/ST/STM32CubeCLT/GNU-tools-for-STM32/bin/../lib/gcc/arm-none-eabi/11.3.1/../../../../arm-none-eabi/lib/thumb/v7-m/nofp\libc_nano.a(libc_a-stdio.o) (_write_r)
C:/ST/STM32CubeCLT/GNU-tools-for-STM32/bin/../lib/gcc/arm-none-eabi/11.3.1/../../../../arm-none-eabi/lib/thumb/v7-m/nofp\libc_nano.a(libc_a-init.o)
                              C:/ST/STM32CubeCLT/GNU-tools-for-STM32/bin/../lib/gcc/arm-none-eabi/11.3.1/../../../../arm-none-eabi/lib/thumb/v7-m/nofp/crt0.o (__libc_init_array)
C:/ST/STM32CubeCLT/GNU-tools-for-STM32/bin/../lib/gcc/arm-none-eabi/11.3.1/../../../../arm-none-eabi/lib/thumb/v7-m/nofp\libc_nano.a(libc_a-lock.o)
                              C:/ST/STM32CubeCLT/GNU-tools-for-STM32/bin/../lib/gcc/arm-none-eabi/11.3.1/../../../../arm-none-eabi/lib/thumb/v7-m/nofp\libc_nano.a(libc_a-findfp.o) (__retarget_lock_init_recursive)
C:/ST/STM32CubeCLT/GNU-tools-for-STM32/bin/../lib/gcc/arm-none-eabi/11.3.1/../../../../arm-none-eabi/lib/thumb/v7-m/nofp\libc_nano.a(libc_a-freer.o)
                              C:/ST/STM32CubeCLT/GNU-tools-for-STM32/bin/../lib/gcc/arm-none-eabi/11.3.1/../../../../arm-none-eabi/lib/thumb/v7-m/nofp\libc_nano.a(libc_a-reent.o) (_free_r)
C:/ST/STM32CubeCLT/GNU-tools-for-STM32/bin/../lib/gcc/arm-none-eabi/11.3.1/../../../../arm-none-eabi/lib/thumb/v7-m/nofp\libc_nano.a(libc_a-mallocr.o)
[...]
Memory Configuration

Name             Origin             Length             Attributes
RAM              0x0000000020000000 0x0000000000005000 xrw
FLASH            0x0000000008004000 0x000000000000c000 xr
*default*        0x0000000000000000 0xffffffffffffffff

Linker script and memory map

LOAD C:/ST/STM32CubeCLT/GNU-tools-for-STM32/bin/../lib/gcc/arm-none-eabi/11.3.1/thumb/v7-m/nofp/crti.o
LOAD C:/ST/STM32CubeCLT/GNU-tools-for-STM32/bin/../lib/gcc/arm-none-eabi/11.3.1/thumb/v7-m/nofp/crtbegin.o
LOAD C:/ST/STM32CubeCLT/GNU-tools-for-STM32/bin/../lib/gcc/arm-none-eabi/11.3.1/../../../../arm-none-eabi/lib/thumb/v7-m/nofp/crt0.o
START GROUP
LOAD C:/ST/STM32CubeCLT/GNU-tools-for-STM32/bin/../lib/gcc/arm-none-eabi/11.3.1/../../../../arm-none-eabi/lib/thumb/v7-m/nofp\libc_nano.a
LOAD C:/ST/STM32CubeCLT/GNU-tools-for-STM32/bin/../lib/gcc/arm-none-eabi/11.3.1/../../../../arm-none-eabi/lib/thumb/v7-m/nofp\libm.a
END GROUP
LOAD CMakeFiles/light_module.dir/Core/Src/main.c.obj
LOAD CMakeFiles/light_module.dir/Core/Src/gpio.c.obj
LOAD CMakeFiles/light_module.dir/Core/Src/adc.c.obj
LOAD CMakeFiles/light_module.dir/Core/Src/dma.c.obj
LOAD CMakeFiles/light_module.dir/Core/Src/i2c.c.obj
LOAD CMakeFiles/light_module.dir/Core/Src/tim.c.obj
LOAD CMakeFiles/light_module.dir/Core/Src/usart.c.obj
LOAD CMakeFiles/light_module.dir/Core/Src/stm32f1xx_it.c.obj
LOAD CMakeFiles/light_module.dir/Core/Src/stm32f1xx_hal_msp.c.obj
LOAD CMakeFiles/light_module.dir/Core/Src/sysmem.c.obj
LOAD CMakeFiles/light_module.dir/Core/Src/syscalls.c.obj
LOAD CMakeFiles/light_module.dir/startup_stm32f103xb.s.obj
LOAD CMakeFiles/light_module.dir/Core/Src/led_effects.c.obj
LOAD CMakeFiles/light_module.dir/Core/Src/ws2812b.c.obj
LOAD C:/Dev/STMRepos/light_module/build/cmake/stm32cubemx/CMakeFiles/STM32_Drivers.dir/__/__/Core/Src/system_stm32f1xx.c.obj
LOAD C:/Dev/STMRepos/light_module/build/cmake/stm32cubemx/CMakeFiles/STM32_Drivers.dir/__/__/Drivers/STM32F1xx_HAL_Driver/Src/stm32f1xx_hal_gpio_ex.c.obj
LOAD C:/Dev/STMRepos/light_module/build/cmake/stm32cubemx/CMakeFiles/STM32_Drivers.dir/__/__/Drivers/STM32F1xx_HAL_Driver/Src/stm32f1xx_hal_adc.c.obj
LOAD C:/Dev/STMRepos/light_module/build/cmake/stm32cubemx/CMakeFiles/STM32_Drivers.dir/__/__/Drivers/STM32F1xx_HAL_Driver/Src/stm32f1xx_hal_adc_ex.c.obj
LOAD C:/Dev/STMRepos/light_module/build/cmake/stm32cubemx/CMakeFiles/STM32_Drivers.dir/__/__/Drivers/STM32F1xx_HAL_Driver/Src/stm32f1xx_hal.c.obj
LOAD C:/Dev/STMRepos/light_module/build/cmake/stm32cubemx/CMakeFiles/STM32_Drivers.dir/__/__/Drivers/STM32F1xx_HAL_Driver/Src/stm32f1xx_hal_rcc.c.obj
LOAD C:/Dev/STMRepos/light_module/build/cmake/stm32cubemx/CMakeFiles/STM32_Drivers.dir/__/__/Drivers/STM32F1xx_HAL_Driver/Src/stm32f1xx_hal_rcc_ex.c.obj
LOAD C:/Dev/STMRepos/light_module/build/cmake/stm32cubemx/CMakeFiles/STM32_Drivers.dir/__/__/Drivers/STM32F1xx_HAL_Driver/Src/stm32f1xx_hal_gpio.c.obj
LOAD C:/Dev/STMRepos/light_module/build/cmake/stm32cubemx/CMakeFiles/STM32_Drivers.dir/__/__/Drivers/STM32F1xx_HAL_Driver/Src/stm32f1xx_hal_dma.c.obj
LOAD C:/Dev/STMRepos/light_module/build/cmake/stm32cubemx/CMakeFiles/STM32_Drivers.dir/__/__/Drivers/STM32F1xx_HAL_Driver/Src/stm32f1xx_hal_cortex.c.obj
LOAD C:/Dev/STMRepos/light_module/build/cmake/stm32cubemx/CMakeFiles/STM32_Drivers.dir/__/__/Drivers/STM32F1xx_HAL_Driver/Src/stm32f1xx_hal_pwr.c.obj
LOAD C:/Dev/STMRepos/light_module/build/cmake/stm32cubemx/CMakeFiles/STM32_Drivers.dir/__/__/Drivers/STM32F1xx_HAL_Driver/Src/stm32f1xx_hal_flash.c.obj
LOAD C:/Dev/STMRepos/light_module/build/cmake/stm32cubemx/CMakeFiles/STM32_Drivers.dir/__/__/Drivers/STM32F1xx_HAL_Driver/Src/stm32f1xx_hal_flash_ex.c.obj
LOAD C:/Dev/STMRepos/light_module/build/cmake/stm32cubemx/CMakeFiles/STM32_Drivers.dir/__/__/Drivers/STM32F1xx_HAL_Driver/Src/stm32f1xx_hal_exti.c.obj
LOAD C:/Dev/STMRepos/light_module/build/cmake/stm32cubemx/CMakeFiles/STM32_Drivers.dir/__/__/Drivers/STM32F1xx_HAL_Driver/Src/stm32f1xx_hal_i2c.c.obj
LOAD C:/Dev/STMRepos/light_module/build/cmake/stm32cubemx/CMakeFiles/STM32_Drivers.dir/__/__/Drivers/STM32F1xx_HAL_Driver/Src/stm32f1xx_hal_tim.c.obj
LOAD C:/Dev/STMRepos/light_module/build/cmake/stm32cubemx/CMakeFiles/STM32_Drivers.dir/__/__/Drivers/STM32F1xx_HAL_Driver/Src/stm32f1xx_hal_tim_ex.c.obj
LOAD C:/Dev/STMRepos/light_module/build/cmake/stm32cubemx/CMakeFiles/STM32_Drivers.dir/__/__/Drivers/STM32F1xx_HAL_Driver/Src/stm32f1xx_hal_uart.c.obj
START GROUP
LOAD C:/ST/STM32CubeCLT/GNU-tools-for-STM32/bin/../lib/gcc/arm-none-eabi/11.3.1/thumb/v7-m/nofp\libgcc.a
LOAD C:/ST/STM32CubeCLT/GNU-tools-for-STM32/bin/../lib/gcc/arm-none-eabi/11.3.1/../../../../arm-none-eabi/lib/thumb/v7-m/nofp\libg_nano.a
LOAD C:/ST/STM32CubeCLT/GNU-tools-for-STM32/bin/../lib/gcc/arm-none-eabi/11.3.1/../../../../arm-none-eabi/lib/thumb/v7-m/nofp\libc_nano.a
END GROUP
START GROUP
LOAD C:/ST/STM32CubeCLT/GNU-tools-for-STM32/bin/../lib/gcc/arm-none-eabi/11.3.1/thumb/v7-m/nofp\libgcc.a
LOAD C:/ST/STM32CubeCLT/GNU-tools-for-STM32/bin/../lib/gcc/arm-none-eabi/11.3.1/../../../../arm-none-eabi/lib/thumb/v7-m/nofp\libc_nano.a
END GROUP
LOAD C:/ST/STM32CubeCLT/GNU-tools-for-STM32/bin/../lib/gcc/arm-none-eabi/11.3.1/thumb/v7-m/nofp/crtend.o
LOAD C:/ST/STM32CubeCLT/GNU-tools-for-STM32/bin/../lib/gcc/arm-none-eabi/11.3.1/thumb/v7-m/nofp/crtn.o
                0x0000000020005000                _estack = (ORIGIN (RAM) + LENGTH (RAM))
                0x0000000000000200                _Min_Heap_Size = 0x200
                0x0000000000000400                _Min_Stack_Size = 0x400

.isr_vector     0x0000000008004000      0x10c
                0x0000000008004000                . = ALIGN (0x4)
 *(.isr_vector)
 .isr_vector    0x0000000008004000      0x10c CMakeFiles/light_module.dir/startup_stm32f103xb.s.obj
                0x0000000008004000                g_pfnVectors
                0x000000000800410c                . = ALIGN (0x4)

.text           0x0000000008004110     0x4eec
                0x0000000008004110                . = ALIGN (0x4)
 *(.text)
 .text          0x0000000008004110       0x40 C:/ST/STM32CubeCLT/GNU-tools-for-STM32/bin/../lib/gcc/arm-none-eabi/11.3.1/thumb/v7-m/nofp/crtbegin.o
 .text          0x0000000008004150      0x378 C:/ST/STM32CubeCLT/GNU-tools-for-STM32/bin/../lib/gcc/arm-none-eabi/11.3.1/thumb/v7-m/nofp\libgcc.a(_arm_addsubdf3.o)
                0x0000000008004150                __aeabi_drsub
                0x0000000008004158                __aeabi_dsub
                0x0000000008004158                __subdf3
                0x000000000800415c                __aeabi_dadd
                0x000000000800415c                __adddf3
                0x00000000080043d4                __floatunsidf
                0x00000000080043d4                __aeabi_ui2d
                0x00000000080043f4                __floatsidf
                0x00000000080043f4                __aeabi_i2d
                0x0000000008004418                __aeabi_f2d
                0x0000000008004418                __extendsfdf2
                0x000000000800445c                __floatundidf
                0x000000000800445c                __aeabi_ul2d
                0x000000000800446c                __floatdidf
                0x000000000800446c                __aeabi_l2d
 .text          0x00000000080044c8      0x424 C:/ST/STM32CubeCLT/GNU-tools-for-STM32/bin/../lib/gcc/arm-none-eabi/11.3.1/thumb/v7-m/nofp\libgcc.a(_arm_muldivdf3.o)
                0x00000000080044c8                __aeabi_dmul
                0x00000000080044c8                __muldf3
                0x000000000800471c                __divdf3
                0x000000000800471c                __aeabi_ddiv
 .text          0x00000000080048ec       0x40 C:/ST/STM32CubeCLT/GNU-tools-for-STM32/bin/../lib/gcc/arm-none-eabi/11.3.1/thumb/v7-m/nofp\libgcc.a(_arm_fixunsdfsi.o)
                0x00000000080048ec                __aeabi_d2uiz
                0x00000000080048ec                __fixunsdfsi
 .text          0x000000000800492c      0x110 C:/ST/STM32CubeCLT/GNU-tools-for-STM32/bin/../lib/gcc/arm-none-eabi/11.3.1/thumb/v7-m/nofp\libgcc.a(_arm_cmpdf2.o)
                0x000000000800492c                __gtdf2
                0x000000000800492c                __gedf2
                0x0000000008004934                __ltdf2
                0x0000000008004934                __ledf2
                0x000000000800493c                __nedf2
                0x000000000800493c                __eqdf2
                0x000000000800493c                __cmpdf2
                0x00000000080049b8                __aeabi_cdrcmple
                0x00000000080049c8                __aeabi_cdcmpeq
                0x00000000080049c8                __aeabi_cdcmple
                0x00000000080049d8                __aeabi_dcmpeq
                0x00000000080049ec                __aeabi_dcmplt
                0x0000000008004a00                __aeabi_dcmple
                0x0000000008004a14                __aeabi_dcmpge
                0x0000000008004a28                __aeabi_dcmpgt
 .text          0x0000000008004a3c       0x2c C:/ST/STM32CubeCLT/GNU-tools-for-STM32/bin/../lib/gcc/arm-none-eabi/11.3.1/thumb/v7-m/nofp\libgcc.a(_arm_unorddf2.o)
                0x0000000008004a3c                __unorddf2
                0x0000000008004a3c                __aeabi_dcmpun
 *(.text*)
 .text.memset   0x0000000008004a68       0x10 C:/ST/STM32CubeCLT/GNU-tools-for-STM32/bin/../lib/gcc/arm-none-eabi/11.3.1/../../../../arm-none-eabi/lib/thumb/v7-m/nofp\libc_nano.a(libc_a-memset.o)
                0x0000000008004a68                memset
 .text.__libc_init_array
                0x0000000008004a78       0x48 C:/ST/STM32CubeCLT/GNU-tools-for-STM32/bin/../lib/gcc/arm-none-eabi/11.3.1/../../../../arm-none-eabi/lib/thumb/v7-m/nofp\libc_nano.a(libc_a-init.o)
                0x0000000008004a78                __libc_init_array
 .text.main     0x0000000008004ac0       0xb4 CMakeFiles/light_module.dir/Core/Src/main.c.obj
                0x0000000008004ac0                main
 .text.SystemClock_Config
                0x0000000008004b74       0xb6 CMakeFiles/light_module.dir/Core/Src/main.c.obj
                0x0000000008004b74                SystemClock_Config
 .text.Error_Handler
                0x0000000008004c2a        0xa CMakeFiles/light_module.dir/Core/Src/main.c.obj
                0x0000000008004c2a                Error_Handler
 .text.MX_GPIO_Init
                0x0000000008004c34      0x144 CMakeFiles/light_module.dir/Core/Src/gpio.c.obj
                0x0000000008004c34                MX_GPIO_Init
 .text.MX_ADC1_Init
                0x0000000008004d78       0x7c CMakeFiles/light_module.dir/Core/Src/adc.c.obj
                0x0000000008004d78                MX_ADC1_Init
 .text.HAL_ADC_MspInit
                0x0000000008004df4       0x78 CMakeFiles/light_module.dir/Core/Src/adc.c.obj
                0x0000000008004df4                HAL_ADC_MspInit
 .text.MX_DMA_Init
                0x0000000008004e6c       0x3c CMakeFiles/light_module.dir/Core/Src/dma.c.obj
                0x0000000008004e6c                MX_DMA_Init
 .text.MX_I2C2_Init
                0x0000000008004ea8       0x5c CMakeFiles/light_module.dir/Core/Src/i2c.c.obj
                0x0000000008004ea8                MX_I2C2_Init
 .text.HAL_I2C_MspInit
                0x0000000008004f04       0x80 CMakeFiles/light_module.dir/Core/Src/i2c.c.obj
                0x0000000008004f04                HAL_I2C_MspInit
 .text.MX_TIM1_Init
                0x0000000008004f84      0x128 CMakeFiles/light_module.dir/Core/Src/tim.c.obj
                0x0000000008004f84                MX_TIM1_Init
 .text.MX_TIM2_Init
                0x00000000080050ac       0xe8 CMakeFiles/light_module.dir/Core/Src/tim.c.obj
                0x00000000080050ac                MX_TIM2_Init
 .text.MX_TIM3_Init
                0x0000000008005194      0x130 CMakeFiles/light_module.dir/Core/Src/tim.c.obj
                0x0000000008005194                MX_TIM3_Init
 .text.HAL_TIM_Base_MspInit
                0x00000000080052c4      0x124 CMakeFiles/light_module.dir/Core/Src/tim.c.obj
                0x00000000080052c4                HAL_TIM_Base_MspInit
 .text.HAL_TIM_MspPostInit
                0x00000000080053e8       0xd4 CMakeFiles/light_module.dir/Core/Src/tim.c.obj
                0x00000000080053e8                HAL_TIM_MspPostInit
 .text.MX_USART2_UART_Init
                0x00000000080054bc       0x54 CMakeFiles/light_module.dir/Core/Src/usart.c.obj
                0x00000000080054bc                MX_USART2_UART_Init
 .text.HAL_UART_MspInit
                0x0000000008005510       0x94 CMakeFiles/light_module.dir/Core/Src/usart.c.obj
                0x0000000008005510                HAL_UART_MspInit
 .text.NMI_Handler
                0x00000000080055a4        0x6 CMakeFiles/light_module.dir/Core/Src/stm32f1xx_it.c.obj
                0x00000000080055a4                NMI_Handler
 .text.HardFault_Handler
                0x00000000080055aa        0x6 CMakeFiles/light_module.dir/Core/Src/stm32f1xx_it.c.obj
                0x00000000080055aa                HardFault_Handler
 .text.MemManage_Handler
                0x00000000080055b0        0x6 CMakeFiles/light_module.dir/Core/Src/stm32f1xx_it.c.obj
                0x00000000080055b0                MemManage_Handler
 .text.BusFault_Handler
                0x00000000080055b6        0x6 CMakeFiles/light_module.dir/Core/Src/stm32f1xx_it.c.obj
                0x00000000080055b6                BusFault_Handler
 .text.UsageFault_Handler
                0x00000000080055bc        0x6 CMakeFiles/light_module.dir/Core/Src/stm32f1xx_it.c.obj
                0x00000000080055bc                UsageFault_Handler
 .text.SVC_Handler
                0x00000000080055c2        0xc CMakeFiles/light_module.dir/Core/Src/stm32f1xx_it.c.obj
                0x00000000080055c2                SVC_Handler
 .text.DebugMon_Handler
                0x00000000080055ce        0xc CMakeFiles/light_module.dir/Core/Src/stm32f1xx_it.c.obj
                0x00000000080055ce                DebugMon_Handler
 .text.PendSV_Handler
                0x00000000080055da        0xc CMakeFiles/light_module.dir/Core/Src/stm32f1xx_it.c.obj
                0x00000000080055da                PendSV_Handler
 .text.SysTick_Handler
                0x00000000080055e6        0xc CMakeFiles/light_module.dir/Core/Src/stm32f1xx_it.c.obj
                0x00000000080055e6                SysTick_Handler
 *fill*         0x00000000080055f2        0x2 
 .text.DMA1_Channel5_IRQHandler
                0x00000000080055f4       0x14 CMakeFiles/light_module.dir/Core/Src/stm32f1xx_it.c.obj
                0x00000000080055f4                DMA1_Channel5_IRQHandler
 .text.HAL_MspInit
                0x0000000008005608       0x64 CMakeFiles/light_module.dir/Core/Src/stm32f1xx_hal_msp.c.obj
                0x0000000008005608                HAL_MspInit
 .text.Reset_Handler
                0x000000000800566c       0x48 CMakeFiles/light_module.dir/startup_stm32f103xb.s.obj
                0x000000000800566c                Reset_Handler
 .text.Default_Handler
                0x00000000080056b4        0x2 CMakeFiles/light_module.dir/startup_stm32f103xb.s.obj
                0x00000000080056b4                RTC_Alarm_IRQHandler
                0x00000000080056b4                EXTI2_IRQHandler
                0x00000000080056b4                TIM1_CC_IRQHandler
                0x00000000080056b4                PVD_IRQHandler
                0x00000000080056b4                EXTI3_IRQHandler
                0x00000000080056b4                EXTI0_IRQHandler
                0x00000000080056b4                I2C2_EV_IRQHandler
                0x00000000080056b4                ADC1_2_IRQHandler
                0x00000000080056b4                SPI1_IRQHandler
                0x00000000080056b4                TAMPER_IRQHandler
                0x00000000080056b4                DMA1_Channel4_IRQHandler
                0x00000000080056b4                USART3_IRQHandler
                0x00000000080056b4                RTC_IRQHandler
                0x00000000080056b4                DMA1_Channel7_IRQHandler
                0x00000000080056b4                CAN1_RX1_IRQHandler
                0x00000000080056b4                TIM4_IRQHandler
                0x00000000080056b4                I2C1_EV_IRQHandler
                0x00000000080056b4                DMA1_Channel6_IRQHandler
                0x00000000080056b4                TIM3_IRQHandler
                0x00000000080056b4                RCC_IRQHandler
                0x00000000080056b4                TIM1_TRG_COM_IRQHandler
                0x00000000080056b4                DMA1_Channel1_IRQHandler
                0x00000000080056b4                Default_Handler
                0x00000000080056b4                EXTI15_10_IRQHandler
                0x00000000080056b4                EXTI9_5_IRQHandler
                0x00000000080056b4                SPI2_IRQHandler
                0x00000000080056b4                EXTI4_IRQHandler
                0x00000000080056b4                USB_LP_CAN1_RX0_IRQHandler
                0x00000000080056b4                USB_HP_CAN1_TX_IRQHandler
                0x00000000080056b4                DMA1_Channel3_IRQHandler
                0x00000000080056b4                TIM1_UP_IRQHandler
                0x00000000080056b4                WWDG_IRQHandler
                0x00000000080056b4                TIM2_IRQHandler
                0x00000000080056b4                TIM1_BRK_IRQHandler
                0x00000000080056b4                EXTI1_IRQHandler
                0x00000000080056b4                USART2_IRQHandler
                0x00000000080056b4                I2C2_ER_IRQHandler
                0x00000000080056b4                DMA1_Channel2_IRQHandler
                0x00000000080056b4                CAN1_SCE_IRQHandler
                0x00000000080056b4                FLASH_IRQHandler
                0x00000000080056b4                USART1_IRQHandler
                0x00000000080056b4                I2C1_ER_IRQHandler
                0x00000000080056b4                USBWakeUp_IRQHandler
 *fill*         0x00000000080056b6        0x2 
 .text.InitFrame
                0x00000000080056b8       0x34 CMakeFiles/light_module.dir/Core/Src/led_effects.c.obj
                0x00000000080056b8                InitFrame
 .text.SetLed   0x00000000080056ec       0x44 CMakeFiles/light_module.dir/Core/Src/led_effects.c.obj
                0x00000000080056ec                SetLed
 .text.ClearLed
                0x0000000008005730       0x48 CMakeFiles/light_module.dir/Core/Src/led_effects.c.obj
                0x0000000008005730                ClearLed
 .text.WS2812B_HSVtoRGB
                0x0000000008005778      0x2c4 CMakeFiles/light_module.dir/Core/Src/ws2812b.c.obj
                0x0000000008005778                WS2812B_HSVtoRGB
 .text.WS2812B_SetPixelColor
                0x0000000008005a3c       0x90 CMakeFiles/light_module.dir/Core/Src/ws2812b.c.obj
                0x0000000008005a3c                WS2812B_SetPixelColor
 .text.WS2812B_UpdateLeds
                0x0000000008005acc       0x20 CMakeFiles/light_module.dir/Core/Src/ws2812b.c.obj
                0x0000000008005acc                WS2812B_UpdateLeds
 .text.HAL_TIM_PWM_PulseFinishedCallback
                0x0000000008005aec       0x22 CMakeFiles/light_module.dir/Core/Src/ws2812b.c.obj
                0x0000000008005aec                HAL_TIM_PWM_PulseFinishedCallback
 *fill*         0x0000000008005b0e        0x2 
 .text.SystemInit
                0x0000000008005b10       0x1c C:/Dev/STMRepos/light_module/build/cmake/stm32cubemx/CMakeFiles/STM32_Drivers.dir/__/__/Core/Src/system_stm32f1xx.c.obj
                0x0000000008005b10                SystemInit
 .text.HAL_ADC_Init
                0x0000000008005b2c      0x1b0 C:/Dev/STMRepos/light_module/build/cmake/stm32cubemx/CMakeFiles/STM32_Drivers.dir/__/__/Drivers/STM32F1xx_HAL_Driver/Src/stm32f1xx_hal_adc.c.obj
                0x0000000008005b2c                HAL_ADC_Init
 .text.HAL_ADC_ConfigChannel
                0x0000000008005cdc      0x1f0 C:/Dev/STMRepos/light_module/build/cmake/stm32cubemx/CMakeFiles/STM32_Drivers.dir/__/__/Drivers/STM32F1xx_HAL_Driver/Src/stm32f1xx_hal_adc.c.obj
                0x0000000008005cdc                HAL_ADC_ConfigChannel
 .text.ADC_ConversionStop_Disable
                0x0000000008005ecc       0x82 C:/Dev/STMRepos/light_module/build/cmake/stm32cubemx/CMakeFiles/STM32_Drivers.dir/__/__/Drivers/STM32F1xx_HAL_Driver/Src/stm32f1xx_hal_adc.c.obj
                0x0000000008005ecc                ADC_ConversionStop_Disable
 *fill*         0x0000000008005f4e        0x2 
 .text.HAL_Init
                0x0000000008005f50       0x2c C:/Dev/STMRepos/light_module/build/cmake/stm32cubemx/CMakeFiles/STM32_Drivers.dir/__/__/Drivers/STM32F1xx_HAL_Driver/Src/stm32f1xx_hal.c.obj
                0x0000000008005f50                HAL_Init
 .text.HAL_InitTick
                0x0000000008005f7c       0x60 C:/Dev/STMRepos/light_module/build/cmake/stm32cubemx/CMakeFiles/STM32_Drivers.dir/__/__/Drivers/STM32F1xx_HAL_Driver/Src/stm32f1xx_hal.c.obj
                0x0000000008005f7c                HAL_InitTick
 .text.HAL_IncTick
                0x0000000008005fdc       0x24 C:/Dev/STMRepos/light_module/build/cmake/stm32cubemx/CMakeFiles/STM32_Drivers.dir/__/__/Drivers/STM32F1xx_HAL_Driver/Src/stm32f1xx_hal.c.obj
                0x0000000008005fdc                HAL_IncTick
 .text.HAL_GetTick
                0x0000000008006000       0x14 C:/Dev/STMRepos/light_module/build/cmake/stm32cubemx/CMakeFiles/STM32_Drivers.dir/__/__/Drivers/STM32F1xx_HAL_Driver/Src/stm32f1xx_hal.c.obj
                0x0000000008006000                HAL_GetTick
 .text.HAL_Delay
                0x0000000008006014       0x48 C:/Dev/STMRepos/light_module/build/cmake/stm32cubemx/CMakeFiles/STM32_Drivers.dir/__/__/Drivers/STM32F1xx_HAL_Driver/Src/stm32f1xx_hal.c.obj
                0x0000000008006014                HAL_Delay
 .text.HAL_RCC_OscConfig
                0x000000000800605c      0x504 C:/Dev/STMRepos/light_module/build/cmake/stm32cubemx/CMakeFiles/STM32_Drivers.dir/__/__/Drivers/STM32F1xx_HAL_Driver/Src/stm32f1xx_hal_rcc.c.obj
                0x000000000800605c                HAL_RCC_OscConfig
 .text.HAL_RCC_ClockConfig
                0x0000000008006560      0x1d4 C:/Dev/STMRepos/light_module/build/cmake/stm32cubemx/CMakeFiles/STM32_Drivers.dir/__/__/Drivers/STM32F1xx_HAL_Driver/Src/stm32f1xx_hal_rcc.c.obj
                0x0000000008006560                HAL_RCC_ClockConfig
 .text.HAL_RCC_GetSysClockFreq
                0x0000000008006734       0xa8 C:/Dev/STMRepos/light_module/build/cmake/stm32cubemx/CMakeFiles/STM32_Drivers.dir/__/__/Drivers/STM32F1xx_HAL_Driver/Src/stm32f1xx_hal_rcc.c.obj
                0x0000000008006734                HAL_RCC_GetSysClockFreq
 .text.HAL_RCC_GetHCLKFreq
                0x00000000080067dc       0x14 C:/Dev/STMRepos/light_module/build/cmake/stm32cubemx/CMakeFiles/STM32_Drivers.dir/__/__/Drivers/STM32F1xx_HAL_Driver/Src/stm32f1xx_hal_rcc.c.obj
                0x00000000080067dc                HAL_RCC_GetHCLKFreq
 .text.HAL_RCC_GetPCLK1Freq
                0x00000000080067f0       0x28 C:/Dev/STMRepos/light_module/build/cmake/stm32cubemx/CMakeFiles/STM32_Drivers.dir/__/__/Drivers/STM32F1xx_HAL_Driver/Src/stm32f1xx_hal_rcc.c.obj
                0x00000000080067f0                HAL_RCC_GetPCLK1Freq
 .text.HAL_RCC_GetPCLK2Freq
                0x0000000008006818       0x28 C:/Dev/STMRepos/light_module/build/cmake/stm32cubemx/CMakeFiles/STM32_Drivers.dir/__/__/Drivers/STM32F1xx_HAL_Driver/Src/stm32f1xx_hal_rcc.c.obj
                0x0000000008006818                HAL_RCC_GetPCLK2Freq
 .text.RCC_Delay
                0x0000000008006840       0x3c C:/Dev/STMRepos/light_module/build/cmake/stm32cubemx/CMakeFiles/STM32_Drivers.dir/__/__/Drivers/STM32F1xx_HAL_Driver/Src/stm32f1xx_hal_rcc.c.obj
 .text.HAL_RCCEx_PeriphCLKConfig
                0x000000000800687c      0x16c C:/Dev/STMRepos/light_module/build/cmake/stm32cubemx/CMakeFiles/STM32_Drivers.dir/__/__/Drivers/STM32F1xx_HAL_Driver/Src/stm32f1xx_hal_rcc_ex.c.obj
                0x000000000800687c                HAL_RCCEx_PeriphCLKConfig
 .text.HAL_GPIO_Init
                0x00000000080069e8      0x308 C:/Dev/STMRepos/light_module/build/cmake/stm32cubemx/CMakeFiles/STM32_Drivers.dir/__/__/Drivers/STM32F1xx_HAL_Driver/Src/stm32f1xx_hal_gpio.c.obj
                0x00000000080069e8                HAL_GPIO_Init
 .text.HAL_GPIO_WritePin
                0x0000000008006cf0       0x30 C:/Dev/STMRepos/light_module/build/cmake/stm32cubemx/CMakeFiles/STM32_Drivers.dir/__/__/Drivers/STM32F1xx_HAL_Driver/Src/stm32f1xx_hal_gpio.c.obj
                0x0000000008006cf0                HAL_GPIO_WritePin
 .text.HAL_DMA_Init
                0x0000000008006d20       0xb4 C:/Dev/STMRepos/light_module/build/cmake/stm32cubemx/CMakeFiles/STM32_Drivers.dir/__/__/Drivers/STM32F1xx_HAL_Driver/Src/stm32f1xx_hal_dma.c.obj
                0x0000000008006d20                HAL_DMA_Init
 .text.HAL_DMA_Start_IT
                0x0000000008006dd4       0xc0 C:/Dev/STMRepos/light_module/build/cmake/stm32cubemx/CMakeFiles/STM32_Drivers.dir/__/__/Drivers/STM32F1xx_HAL_Driver/Src/stm32f1xx_hal_dma.c.obj
                0x0000000008006dd4                HAL_DMA_Start_IT
 .text.HAL_DMA_Abort_IT
                0x0000000008006e94       0xf0 C:/Dev/STMRepos/light_module/build/cmake/stm32cubemx/CMakeFiles/STM32_Drivers.dir/__/__/Drivers/STM32F1xx_HAL_Driver/Src/stm32f1xx_hal_dma.c.obj
                0x0000000008006e94                HAL_DMA_Abort_IT
 .text.HAL_DMA_IRQHandler
                0x0000000008006f84      0x20c C:/Dev/STMRepos/light_module/build/cmake/stm32cubemx/CMakeFiles/STM32_Drivers.dir/__/__/Drivers/STM32F1xx_HAL_Driver/Src/stm32f1xx_hal_dma.c.obj
                0x0000000008006f84                HAL_DMA_IRQHandler
 .text.DMA_SetConfig
                0x0000000008007190       0x5a C:/Dev/STMRepos/light_module/build/cmake/stm32cubemx/CMakeFiles/STM32_Drivers.dir/__/__/Drivers/STM32F1xx_HAL_Driver/Src/stm32f1xx_hal_dma.c.obj
 *fill*         0x00000000080071ea        0x2 
 .text.__NVIC_SetPriorityGrouping
                0x00000000080071ec       0x48 C:/Dev/STMRepos/light_module/build/cmake/stm32cubemx/CMakeFiles/STM32_Drivers.dir/__/__/Drivers/STM32F1xx_HAL_Driver/Src/stm32f1xx_hal_cortex.c.obj
 .text.__NVIC_GetPriorityGrouping
                0x0000000008007234       0x1c C:/Dev/STMRepos/light_module/build/cmake/stm32cubemx/CMakeFiles/STM32_Drivers.dir/__/__/Drivers/STM32F1xx_HAL_Driver/Src/stm32f1xx_hal_cortex.c.obj
 .text.__NVIC_EnableIRQ
                0x0000000008007250       0x38 C:/Dev/STMRepos/light_module/build/cmake/stm32cubemx/CMakeFiles/STM32_Drivers.dir/__/__/Drivers/STM32F1xx_HAL_Driver/Src/stm32f1xx_hal_cortex.c.obj
 .text.__NVIC_SetPriority
                0x0000000008007288       0x54 C:/Dev/STMRepos/light_module/build/cmake/stm32cubemx/CMakeFiles/STM32_Drivers.dir/__/__/Drivers/STM32F1xx_HAL_Driver/Src/stm32f1xx_hal_cortex.c.obj
 .text.NVIC_EncodePriority
                0x00000000080072dc       0x64 C:/Dev/STMRepos/light_module/build/cmake/stm32cubemx/CMakeFiles/STM32_Drivers.dir/__/__/Drivers/STM32F1xx_HAL_Driver/Src/stm32f1xx_hal_cortex.c.obj
 .text.SysTick_Config
                0x0000000008007340       0x44 C:/Dev/STMRepos/light_module/build/cmake/stm32cubemx/CMakeFiles/STM32_Drivers.dir/__/__/Drivers/STM32F1xx_HAL_Driver/Src/stm32f1xx_hal_cortex.c.obj
 .text.HAL_NVIC_SetPriorityGrouping
                0x0000000008007384       0x16 C:/Dev/STMRepos/light_module/build/cmake/stm32cubemx/CMakeFiles/STM32_Drivers.dir/__/__/Drivers/STM32F1xx_HAL_Driver/Src/stm32f1xx_hal_cortex.c.obj
                0x0000000008007384                HAL_NVIC_SetPriorityGrouping
 .text.HAL_NVIC_SetPriority
                0x000000000800739a       0x38 C:/Dev/STMRepos/light_module/build/cmake/stm32cubemx/CMakeFiles/STM32_Drivers.dir/__/__/Drivers/STM32F1xx_HAL_Driver/Src/stm32f1xx_hal_cortex.c.obj
                0x000000000800739a                HAL_NVIC_SetPriority
 .text.HAL_NVIC_EnableIRQ
                0x00000000080073d2       0x1c C:/Dev/STMRepos/light_module/build/cmake/stm32cubemx/CMakeFiles/STM32_Drivers.dir/__/__/Drivers/STM32F1xx_HAL_Driver/Src/stm32f1xx_hal_cortex.c.obj
                0x00000000080073d2                HAL_NVIC_EnableIRQ
 .text.HAL_SYSTICK_Config
                0x00000000080073ee       0x18 C:/Dev/STMRepos/light_module/build/cmake/stm32cubemx/CMakeFiles/STM32_Drivers.dir/__/__/Drivers/STM32F1xx_HAL_Driver/Src/stm32f1xx_hal_cortex.c.obj
                0x00000000080073ee                HAL_SYSTICK_Config
 *fill*         0x0000000008007406        0x2 
 .text.HAL_I2C_Init
                0x0000000008007408      0x288 C:/Dev/STMRepos/light_module/build/cmake/stm32cubemx/CMakeFiles/STM32_Drivers.dir/__/__/Drivers/STM32F1xx_HAL_Driver/Src/stm32f1xx_hal_i2c.c.obj
                0x0000000008007408                HAL_I2C_Init
 .text.HAL_TIM_Base_Init
                0x0000000008007690       0x9e C:/Dev/STMRepos/light_module/build/cmake/stm32cubemx/CMakeFiles/STM32_Drivers.dir/__/__/Drivers/STM32F1xx_HAL_Driver/Src/stm32f1xx_hal_tim.c.obj
                0x0000000008007690                HAL_TIM_Base_Init
 .text.HAL_TIM_PWM_Init
                0x000000000800772e       0x9e C:/Dev/STMRepos/light_module/build/cmake/stm32cubemx/CMakeFiles/STM32_Drivers.dir/__/__/Drivers/STM32F1xx_HAL_Driver/Src/stm32f1xx_hal_tim.c.obj
                0x000000000800772e                HAL_TIM_PWM_Init
 .text.HAL_TIM_PWM_MspInit
                0x00000000080077cc       0x12 C:/Dev/STMRepos/light_module/build/cmake/stm32cubemx/CMakeFiles/STM32_Drivers.dir/__/__/Drivers/STM32F1xx_HAL_Driver/Src/stm32f1xx_hal_tim.c.obj
                0x00000000080077cc                HAL_TIM_PWM_MspInit
 *fill*         0x00000000080077de        0x2 
 .text.HAL_TIM_PWM_Start_DMA
                0x00000000080077e0      0x344 C:/Dev/STMRepos/light_module/build/cmake/stm32cubemx/CMakeFiles/STM32_Drivers.dir/__/__/Drivers/STM32F1xx_HAL_Driver/Src/stm32f1xx_hal_tim.c.obj
                0x00000000080077e0                HAL_TIM_PWM_Start_DMA
 .text.HAL_TIM_PWM_Stop_DMA
                0x0000000008007b24      0x18c C:/Dev/STMRepos/light_module/build/cmake/stm32cubemx/CMakeFiles/STM32_Drivers.dir/__/__/Drivers/STM32F1xx_HAL_Driver/Src/stm32f1xx_hal_tim.c.obj
                0x0000000008007b24                HAL_TIM_PWM_Stop_DMA
 .text.HAL_TIM_IC_Init
                0x0000000008007cb0       0x9e C:/Dev/STMRepos/light_module/build/cmake/stm32cubemx/CMakeFiles/STM32_Drivers.dir/__/__/Drivers/STM32F1xx_HAL_Driver/Src/stm32f1xx_hal_tim.c.obj
                0x0000000008007cb0                HAL_TIM_IC_Init
 .text.HAL_TIM_IC_MspInit
                0x0000000008007d4e       0x12 C:/Dev/STMRepos/light_module/build/cmake/stm32cubemx/CMakeFiles/STM32_Drivers.dir/__/__/Drivers/STM32F1xx_HAL_Driver/Src/stm32f1xx_hal_tim.c.obj
                0x0000000008007d4e                HAL_TIM_IC_MspInit
 .text.HAL_TIM_IC_ConfigChannel
                0x0000000008007d60      0x138 C:/Dev/STMRepos/light_module/build/cmake/stm32cubemx/CMakeFiles/STM32_Drivers.dir/__/__/Drivers/STM32F1xx_HAL_Driver/Src/stm32f1xx_hal_tim.c.obj
                0x0000000008007d60                HAL_TIM_IC_ConfigChannel
 .text.HAL_TIM_PWM_ConfigChannel
                0x0000000008007e98      0x184 C:/Dev/STMRepos/light_module/build/cmake/stm32cubemx/CMakeFiles/STM32_Drivers.dir/__/__/Drivers/STM32F1xx_HAL_Driver/Src/stm32f1xx_hal_tim.c.obj
                0x0000000008007e98                HAL_TIM_PWM_ConfigChannel
 .text.HAL_TIM_ConfigClockSource
                0x000000000800801c      0x18e C:/Dev/STMRepos/light_module/build/cmake/stm32cubemx/CMakeFiles/STM32_Drivers.dir/__/__/Drivers/STM32F1xx_HAL_Driver/Src/stm32f1xx_hal_tim.c.obj
                0x000000000800801c                HAL_TIM_ConfigClockSource
 .text.HAL_TIM_PWM_PulseFinishedHalfCpltCallback
                0x00000000080081aa       0x12 C:/Dev/STMRepos/light_module/build/cmake/stm32cubemx/CMakeFiles/STM32_Drivers.dir/__/__/Drivers/STM32F1xx_HAL_Driver/Src/stm32f1xx_hal_tim.c.obj
                0x00000000080081aa                HAL_TIM_PWM_PulseFinishedHalfCpltCallback
 .text.HAL_TIM_ErrorCallback
                0x00000000080081bc       0x12 C:/Dev/STMRepos/light_module/build/cmake/stm32cubemx/CMakeFiles/STM32_Drivers.dir/__/__/Drivers/STM32F1xx_HAL_Driver/Src/stm32f1xx_hal_tim.c.obj
                0x00000000080081bc                HAL_TIM_ErrorCallback
 .text.TIM_DMAError
                0x00000000080081ce       0x92 C:/Dev/STMRepos/light_module/build/cmake/stm32cubemx/CMakeFiles/STM32_Drivers.dir/__/__/Drivers/STM32F1xx_HAL_Driver/Src/stm32f1xx_hal_tim.c.obj
                0x00000000080081ce                TIM_DMAError
 .text.TIM_DMADelayPulseCplt
                0x0000000008008260       0xa8 C:/Dev/STMRepos/light_module/build/cmake/stm32cubemx/CMakeFiles/STM32_Drivers.dir/__/__/Drivers/STM32F1xx_HAL_Driver/Src/stm32f1xx_hal_tim.c.obj
 .text.TIM_DMADelayPulseHalfCplt
                0x0000000008008308       0x68 C:/Dev/STMRepos/light_module/build/cmake/stm32cubemx/CMakeFiles/STM32_Drivers.dir/__/__/Drivers/STM32F1xx_HAL_Driver/Src/stm32f1xx_hal_tim.c.obj
                0x0000000008008308                TIM_DMADelayPulseHalfCplt
 .text.TIM_Base_SetConfig
                0x0000000008008370       0xdc C:/Dev/STMRepos/light_module/build/cmake/stm32cubemx/CMakeFiles/STM32_Drivers.dir/__/__/Drivers/STM32F1xx_HAL_Driver/Src/stm32f1xx_hal_tim.c.obj
                0x0000000008008370                TIM_Base_SetConfig
 .text.TIM_OC1_SetConfig
                0x000000000800844c       0xcc C:/Dev/STMRepos/light_module/build/cmake/stm32cubemx/CMakeFiles/STM32_Drivers.dir/__/__/Drivers/STM32F1xx_HAL_Driver/Src/stm32f1xx_hal_tim.c.obj
 .text.TIM_OC2_SetConfig
                0x0000000008008518       0xd4 C:/Dev/STMRepos/light_module/build/cmake/stm32cubemx/CMakeFiles/STM32_Drivers.dir/__/__/Drivers/STM32F1xx_HAL_Driver/Src/stm32f1xx_hal_tim.c.obj
                0x0000000008008518                TIM_OC2_SetConfig
 .text.TIM_OC3_SetConfig
                0x00000000080085ec       0xd4 C:/Dev/STMRepos/light_module/build/cmake/stm32cubemx/CMakeFiles/STM32_Drivers.dir/__/__/Drivers/STM32F1xx_HAL_Driver/Src/stm32f1xx_hal_tim.c.obj
 .text.TIM_OC4_SetConfig
                0x00000000080086c0       0x9c C:/Dev/STMRepos/light_module/build/cmake/stm32cubemx/CMakeFiles/STM32_Drivers.dir/__/__/Drivers/STM32F1xx_HAL_Driver/Src/stm32f1xx_hal_tim.c.obj
 .text.TIM_TI1_SetConfig
                0x000000000800875c       0xb4 C:/Dev/STMRepos/light_module/build/cmake/stm32cubemx/CMakeFiles/STM32_Drivers.dir/__/__/Drivers/STM32F1xx_HAL_Driver/Src/stm32f1xx_hal_tim.c.obj
                0x000000000800875c                TIM_TI1_SetConfig
 .text.TIM_TI1_ConfigInputStage
                0x0000000008008810       0x5c C:/Dev/STMRepos/light_module/build/cmake/stm32cubemx/CMakeFiles/STM32_Drivers.dir/__/__/Drivers/STM32F1xx_HAL_Driver/Src/stm32f1xx_hal_tim.c.obj
 .text.TIM_TI2_SetConfig
                0x000000000800886c       0x78 C:/Dev/STMRepos/light_module/build/cmake/stm32cubemx/CMakeFiles/STM32_Drivers.dir/__/__/Drivers/STM32F1xx_HAL_Driver/Src/stm32f1xx_hal_tim.c.obj
 .text.TIM_TI2_ConfigInputStage
                0x00000000080088e4       0x5e C:/Dev/STMRepos/light_module/build/cmake/stm32cubemx/CMakeFiles/STM32_Drivers.dir/__/__/Drivers/STM32F1xx_HAL_Driver/Src/stm32f1xx_hal_tim.c.obj
 .text.TIM_TI3_SetConfig
                0x0000000008008942       0x76 C:/Dev/STMRepos/light_module/build/cmake/stm32cubemx/CMakeFiles/STM32_Drivers.dir/__/__/Drivers/STM32F1xx_HAL_Driver/Src/stm32f1xx_hal_tim.c.obj
 .text.TIM_TI4_SetConfig
                0x00000000080089b8       0x78 C:/Dev/STMRepos/light_module/build/cmake/stm32cubemx/CMakeFiles/STM32_Drivers.dir/__/__/Drivers/STM32F1xx_HAL_Driver/Src/stm32f1xx_hal_tim.c.obj
 .text.TIM_ITRx_SetConfig
                0x0000000008008a30       0x34 C:/Dev/STMRepos/light_module/build/cmake/stm32cubemx/CMakeFiles/STM32_Drivers.dir/__/__/Drivers/STM32F1xx_HAL_Driver/Src/stm32f1xx_hal_tim.c.obj
 .text.TIM_ETR_SetConfig
                0x0000000008008a64       0x3e C:/Dev/STMRepos/light_module/build/cmake/stm32cubemx/CMakeFiles/STM32_Drivers.dir/__/__/Drivers/STM32F1xx_HAL_Driver/Src/stm32f1xx_hal_tim.c.obj
                0x0000000008008a64                TIM_ETR_SetConfig
 .text.TIM_CCxChannelCmd
                0x0000000008008aa2       0x48 C:/Dev/STMRepos/light_module/build/cmake/stm32cubemx/CMakeFiles/STM32_Drivers.dir/__/__/Drivers/STM32F1xx_HAL_Driver/Src/stm32f1xx_hal_tim.c.obj
                0x0000000008008aa2                TIM_CCxChannelCmd
 *fill*         0x0000000008008aea        0x2 
 .text.HAL_TIMEx_MasterConfigSynchronization
                0x0000000008008aec       0xbc C:/Dev/STMRepos/light_module/build/cmake/stm32cubemx/CMakeFiles/STM32_Drivers.dir/__/__/Drivers/STM32F1xx_HAL_Driver/Src/stm32f1xx_hal_tim_ex.c.obj
                0x0000000008008aec                HAL_TIMEx_MasterConfigSynchronization
 .text.HAL_UART_Init
                0x0000000008008ba8       0xa0 C:/Dev/STMRepos/light_module/build/cmake/stm32cubemx/CMakeFiles/STM32_Drivers.dir/__/__/Drivers/STM32F1xx_HAL_Driver/Src/stm32f1xx_hal_uart.c.obj
                0x0000000008008ba8                HAL_UART_Init
 .text.UART_SetConfig
                0x0000000008008c48      0x11c C:/Dev/STMRepos/light_module/build/cmake/stm32cubemx/CMakeFiles/STM32_Drivers.dir/__/__/Drivers/STM32F1xx_HAL_Driver/Src/stm32f1xx_hal_uart.c.obj
 .text.__errno  0x0000000008008d64        0xc C:/ST/STM32CubeCLT/GNU-tools-for-STM32/bin/../lib/gcc/arm-none-eabi/11.3.1/../../../../arm-none-eabi/lib/thumb/v7-m/nofp\libg_nano.a(libc_a-errno.o)
                0x0000000008008d64                __errno
 .text.fmod     0x0000000008008d70       0x50 C:/ST/STM32CubeCLT/GNU-tools-for-STM32/bin/../lib/gcc/arm-none-eabi/11.3.1/../../../../arm-none-eabi/lib/thumb/v7-m/nofp\libm.a(libm_a-w_fmod.o)
                0x0000000008008d70                fmod
 .text.__ieee754_fmod
                0x0000000008008dc0      0x224 C:/ST/STM32CubeCLT/GNU-tools-for-STM32/bin/../lib/gcc/arm-none-eabi/11.3.1/../../../../arm-none-eabi/lib/thumb/v7-m/nofp\libm.a(libm_a-e_fmod.o)
                0x0000000008008dc0                __ieee754_fmod
 *(.glue_7)
 .glue_7        0x0000000008008fe4        0x0 linker stubs
 *(.glue_7t)
 .glue_7t       0x0000000008008fe4        0x0 linker stubs
 *(.eh_frame)
 .eh_frame      0x0000000008008fe4        0x0 C:/ST/STM32CubeCLT/GNU-tools-for-STM32/bin/../lib/gcc/arm-none-eabi/11.3.1/thumb/v7-m/nofp/crtbegin.o
 *(.init)
 .init          0x0000000008008fe4        0x4 C:/ST/STM32CubeCLT/GNU-tools-for-STM32/bin/../lib/gcc/arm-none-eabi/11.3.1/thumb/v7-m/nofp/crti.o
                0x0000000008008fe4                _init
 .init          0x0000000008008fe8        0x8 C:/ST/STM32CubeCLT/GNU-tools-for-STM32/bin/../lib/gcc/arm-none-eabi/11.3.1/thumb/v7-m/nofp/crtn.o
 *(.fini)
 .fini          0x0000000008008ff0        0x4 C:/ST/STM32CubeCLT/GNU-tools-for-STM32/bin/../lib/gcc/arm-none-eabi/11.3.1/thumb/v7-m/nofp/crti.o
                0x0000000008008ff0                _fini
 .fini          0x0000000008008ff4        0x8 C:/ST/STM32CubeCLT/GNU-tools-for-STM32/bin/../lib/gcc/arm-none-eabi/11.3.1/thumb/v7-m/nofp/crtn.o
                0x0000000008008ffc                . = ALIGN (0x4)
                0x0000000008008ffc                _etext = .

.vfp11_veneer   0x0000000008008ffc        0x0
 .vfp11_veneer  0x0000000008008ffc        0x0 linker stubs

.v4_bx          0x0000000008008ffc        0x0
 .v4_bx         0x0000000008008ffc        0x0 linker stubs

.iplt           0x0000000008008ffc        0x0
 .iplt          0x0000000008008ffc        0x0 C:/ST/STM32CubeCLT/GNU-tools-for-STM32/bin/../lib/gcc/arm-none-eabi/11.3.1/thumb/v7-m/nofp/crtbegin.o

.rodata         0x0000000008009000       0x40
                0x0000000008009000                . = ALIGN (0x4)
 *(.rodata)
 .rodata        0x0000000008009000        0x4 CMakeFiles/light_module.dir/Core/Src/led_effects.c.obj
 *(.rodata*)
 .rodata.AHBPrescTable
                0x0000000008009004       0x10 C:/Dev/STMRepos/light_module/build/cmake/stm32cubemx/CMakeFiles/STM32_Drivers.dir/__/__/Core/Src/system_stm32f1xx.c.obj
                0x0000000008009004                AHBPrescTable
 .rodata.APBPrescTable
                0x0000000008009014        0x8 C:/Dev/STMRepos/light_module/build/cmake/stm32cubemx/CMakeFiles/STM32_Drivers.dir/__/__/Core/Src/system_stm32f1xx.c.obj
                0x0000000008009014                APBPrescTable
 .rodata.aPLLMULFactorTable.1
                0x000000000800901c       0x10 C:/Dev/STMRepos/light_module/build/cmake/stm32cubemx/CMakeFiles/STM32_Drivers.dir/__/__/Drivers/STM32F1xx_HAL_Driver/Src/stm32f1xx_hal_rcc.c.obj
 .rodata.aPredivFactorTable.0
                0x000000000800902c        0x2 C:/Dev/STMRepos/light_module/build/cmake/stm32cubemx/CMakeFiles/STM32_Drivers.dir/__/__/Drivers/STM32F1xx_HAL_Driver/Src/stm32f1xx_hal_rcc.c.obj
 *fill*         0x000000000800902e        0x2 
 .rodata.Zero   0x0000000008009030       0x10 C:/ST/STM32CubeCLT/GNU-tools-for-STM32/bin/../lib/gcc/arm-none-eabi/11.3.1/../../../../arm-none-eabi/lib/thumb/v7-m/nofp\libm.a(libm_a-e_fmod.o)
                0x0000000008009040                . = ALIGN (0x4)

.ARM.extab      0x0000000008009040        0x0
                0x0000000008009040                . = ALIGN (0x4)
 *(.ARM.extab* .gnu.linkonce.armextab.*)
                0x0000000008009040                . = ALIGN (0x4)

.ARM            0x0000000008009040        0x0
                0x0000000008009040                . = ALIGN (0x4)
                0x0000000008009040                __exidx_start = .
 *(.ARM.exidx*)
                0x0000000008009040                __exidx_end = .
                0x0000000008009040                . = ALIGN (0x4)

.preinit_array  0x0000000008009040        0x0
                0x0000000008009040                . = ALIGN (0x4)
                0x0000000008009040                PROVIDE (__preinit_array_start = .)
 *(.preinit_array*)
                0x0000000008009040                PROVIDE (__preinit_array_end = .)
                0x0000000008009040                . = ALIGN (0x4)

.init_array     0x0000000008009040        0x4
                0x0000000008009040                . = ALIGN (0x4)
                0x0000000008009040                PROVIDE (__init_array_start = .)
 *(SORT_BY_NAME(.init_array.*))
 *(.init_array*)
 .init_array    0x0000000008009040        0x4 C:/ST/STM32CubeCLT/GNU-tools-for-STM32/bin/../lib/gcc/arm-none-eabi/11.3.1/thumb/v7-m/nofp/crtbegin.o
                0x0000000008009044                PROVIDE (__init_array_end = .)
                0x0000000008009044                . = ALIGN (0x4)

.fini_array     0x0000000008009044        0x4
                0x0000000008009044                . = ALIGN (0x4)
                [!provide]                        PROVIDE (__fini_array_start = .)
 *(SORT_BY_NAME(.fini_array.*))
 *(.fini_array*)
 .fini_array    0x0000000008009044        0x4 C:/ST/STM32CubeCLT/GNU-tools-for-STM32/bin/../lib/gcc/arm-none-eabi/11.3.1/thumb/v7-m/nofp/crtbegin.o
                [!provide]                        PROVIDE (__fini_array_end = .)
                0x0000000008009048                . = ALIGN (0x4)
                0x0000000008009048                _sidata = LOADADDR (.data)

.rel.dyn        0x0000000008009048        0x0
 .rel.iplt      0x0000000008009048        0x0 C:/ST/STM32CubeCLT/GNU-tools-for-STM32/bin/../lib/gcc/arm-none-eabi/11.3.1/thumb/v7-m/nofp/crtbegin.o

.data           0x0000000020000000       0x5c load address 0x0000000008009048
                0x0000000020000000                . = ALIGN (0x4)
                0x0000000020000000                _sdata = .
 *(.data)
 *(.data*)
 .data._impure_data
                0x0000000020000000       0x4c C:/ST/STM32CubeCLT/GNU-tools-for-STM32/bin/../lib/gcc/arm-none-eabi/11.3.1/../../../../arm-none-eabi/lib/thumb/v7-m/nofp\libc_nano.a(libc_a-impure.o)
                0x0000000020000000                _impure_data
 .data._impure_ptr
                0x000000002000004c        0x4 C:/ST/STM32CubeCLT/GNU-tools-for-STM32/bin/../lib/gcc/arm-none-eabi/11.3.1/../../../../arm-none-eabi/lib/thumb/v7-m/nofp\libc_nano.a(libc_a-impure.o)
                0x000000002000004c                _impure_ptr
 .data.SystemCoreClock
                0x0000000020000050        0x4 C:/Dev/STMRepos/light_module/build/cmake/stm32cubemx/CMakeFiles/STM32_Drivers.dir/__/__/Core/Src/system_stm32f1xx.c.obj
                0x0000000020000050                SystemCoreClock
 .data.uwTickPrio
                0x0000000020000054        0x4 C:/Dev/STMRepos/light_module/build/cmake/stm32cubemx/CMakeFiles/STM32_Drivers.dir/__/__/Drivers/STM32F1xx_HAL_Driver/Src/stm32f1xx_hal.c.obj
                0x0000000020000054                uwTickPrio
 .data.uwTickFreq
                0x0000000020000058        0x1 C:/Dev/STMRepos/light_module/build/cmake/stm32cubemx/CMakeFiles/STM32_Drivers.dir/__/__/Drivers/STM32F1xx_HAL_Driver/Src/stm32f1xx_hal.c.obj
                0x0000000020000058                uwTickFreq
 *(.RamFunc)
 *(.RamFunc*)
                0x000000002000005c                . = ALIGN (0x4)
 *fill*         0x0000000020000059        0x3 
                0x000000002000005c                _edata = .

.igot.plt       0x000000002000005c        0x0 load address 0x00000000080090a4
 .igot.plt      0x000000002000005c        0x0 C:/ST/STM32CubeCLT/GNU-tools-for-STM32/bin/../lib/gcc/arm-none-eabi/11.3.1/thumb/v7-m/nofp/crtbegin.o
                0x000000002000005c                . = ALIGN (0x4)

.bss            0x000000002000005c      0x3d0 load address 0x00000000080090a4
                0x000000002000005c                _sbss = .
                0x000000002000005c                __bss_start__ = _sbss
 *(.bss)
 .bss           0x000000002000005c       0x1c C:/ST/STM32CubeCLT/GNU-tools-for-STM32/bin/../lib/gcc/arm-none-eabi/11.3.1/thumb/v7-m/nofp/crtbegin.o
 *(.bss*)
 .bss.__sf      0x0000000020000078      0x138 C:/ST/STM32CubeCLT/GNU-tools-for-STM32/bin/../lib/gcc/arm-none-eabi/11.3.1/../../../../arm-none-eabi/lib/thumb/v7-m/nofp\libc_nano.a(libc_a-findfp.o)
                0x0000000020000078                __sf
 .bss.hadc1     0x00000000200001b0       0x30 CMakeFiles/light_module.dir/Core/Src/adc.c.obj
                0x00000000200001b0                hadc1
 .bss.hi2c2     0x00000000200001e0       0x54 CMakeFiles/light_module.dir/Core/Src/i2c.c.obj
                0x00000000200001e0                hi2c2
 .bss.htim1     0x0000000020000234       0x48 CMakeFiles/light_module.dir/Core/Src/tim.c.obj
                0x0000000020000234                htim1
 .bss.htim2     0x000000002000027c       0x48 CMakeFiles/light_module.dir/Core/Src/tim.c.obj
                0x000000002000027c                htim2
 .bss.htim3     0x00000000200002c4       0x48 CMakeFiles/light_module.dir/Core/Src/tim.c.obj
                0x00000000200002c4                htim3
 .bss.hdma_tim2_ch1
                0x000000002000030c       0x44 CMakeFiles/light_module.dir/Core/Src/tim.c.obj
                0x000000002000030c                hdma_tim2_ch1
 .bss.huart2    0x0000000020000350       0x48 CMakeFiles/light_module.dir/Core/Src/usart.c.obj
                0x0000000020000350                huart2
 .bss.ws2812b_frame
                0x0000000020000398       0x90 CMakeFiles/light_module.dir/Core/Src/led_effects.c.obj
 .bss.uwTick    0x0000000020000428        0x4 C:/Dev/STMRepos/light_module/build/cmake/stm32cubemx/CMakeFiles/STM32_Drivers.dir/__/__/Drivers/STM32F1xx_HAL_Driver/Src/stm32f1xx_hal.c.obj
                0x0000000020000428                uwTick
 *(COMMON)
                0x000000002000042c                . = ALIGN (0x4)
                0x000000002000042c                _ebss = .
                0x000000002000042c                __bss_end__ = _ebss

._user_heap_stack
                0x000000002000042c      0x604 load address 0x00000000080090a4
                0x0000000020000430                . = ALIGN (0x8)
 *fill*         0x000000002000042c        0x4 
                [!provide]                        PROVIDE (end = .)
                0x0000000020000430                PROVIDE (_end = .)
                0x0000000020000630                . = (. + _Min_Heap_Size)
 *fill*         0x0000000020000430      0x200 
                0x0000000020000a30                . = (. + _Min_Stack_Size)
 *fill*         0x0000000020000630      0x400 
                0x0000000020000a30                . = ALIGN (0x8)

/DISCARD/
 libc.a(*)
 libm.a(*)
 libgcc.a(*)
OUTPUT(light_module.elf elf32-littlearm)
LOAD linker stubs
LOAD C:/ST/STM32CubeCLT/GNU-tools-for-STM32/bin/../lib/gcc/arm-none-eabi/11.3.1/../../../../arm-none-eabi/lib/thumb/v7-m/nofp\libc.a
LOAD C:/ST/STM32CubeCLT/GNU-tools-for-STM32/bin/../lib/gcc/arm-none-eabi/11.3.1/../../../../arm-none-eabi/lib/thumb/v7-m/nofp\libm.a
LOAD C:/ST/STM32CubeCLT/GNU-tools-for-STM32/bin/../lib/gcc/arm-none-eabi/11.3.1/thumb/v7-m/nofp\libgcc.a

.ARM.attributes
                0x0000000000000000       0x29
 .ARM.attributes
                0x0000000000000000       0x1d C:/ST/STM32CubeCLT/GNU-tools-for-STM32/bin/../lib/gcc/arm-none-eabi/11.3.1/thumb/v7-m/nofp/crti.o
 .ARM.attributes
                0x000000000000001d       0x2d C:/ST/STM32CubeCLT/GNU-tools-for-STM32/bin/../lib/gcc/arm-none-eabi/11.3.1/thumb/v7-m/nofp/crtbegin.o
 .ARM.attributes
                0x000000000000004a       0x2d C:/ST/STM32CubeCLT/GNU-tools-for-STM32/bin/../lib/gcc/arm-none-eabi/11.3.1/../../../../arm-none-eabi/lib/thumb/v7-m/nofp\libc_nano.a(libc_a-findfp.o)
 .ARM.attributes
                0x0000000000000077       0x2d C:/ST/STM32CubeCLT/GNU-tools-for-STM32/bin/../lib/gcc/arm-none-eabi/11.3.1/../../../../arm-none-eabi/lib/thumb/v7-m/nofp\libc_nano.a(libc_a-memset.o)
 .ARM.attributes
                0x00000000000000a4       0x2d C:/ST/STM32CubeCLT/GNU-tools-for-STM32/bin/../lib/gcc/arm-none-eabi/11.3.1/../../../../arm-none-eabi/lib/thumb/v7-m/nofp\libc_nano.a(libc_a-impure.o)
 .ARM.attributes
                0x00000000000000d1       0x2d C:/ST/STM32CubeCLT/GNU-tools-for-STM32/bin/../lib/gcc/arm-none-eabi/11.3.1/../../../../arm-none-eabi/lib/thumb/v7-m/nofp\libc_nano.a(libc_a-init.o)
 .ARM.attributes
                0x00000000000000fe       0x2d CMakeFiles/light_module.dir/Core/Src/main.c.obj
 .ARM.attributes
                0x000000000000012b       0x2d CMakeFiles/light_module.dir/Core/Src/gpio.c.obj
 .ARM.attributes
                0x0000000000000158       0x2d CMakeFiles/light_module.dir/Core/Src/adc.c.obj
 .ARM.attributes
                0x0000000000000185       0x2d CMakeFiles/light_module.dir/Core/Src/dma.c.obj
 .ARM.attributes
                0x00000000000001b2       0x2d CMakeFiles/light_module.dir/Core/Src/i2c.c.obj
 .ARM.attributes
                0x00000000000001df       0x2d CMakeFiles/light_module.dir/Core/Src/tim.c.obj
 .ARM.attributes
                0x000000000000020c       0x2d CMakeFiles/light_module.dir/Core/Src/usart.c.obj
 .ARM.attributes
                0x0000000000000239       0x2d CMakeFiles/light_module.dir/Core/Src/stm32f1xx_it.c.obj
 .ARM.attributes
                0x0000000000000266       0x2d CMakeFiles/light_module.dir/Core/Src/stm32f1xx_hal_msp.c.obj
 .ARM.attributes
                0x0000000000000293       0x21 CMakeFiles/light_module.dir/startup_stm32f103xb.s.obj
 .ARM.attributes
                0x00000000000002b4       0x2d CMakeFiles/light_module.dir/Core/Src/led_effects.c.obj
 .ARM.attributes
                0x00000000000002e1       0x2d CMakeFiles/light_module.dir/Core/Src/ws2812b.c.obj
 .ARM.attributes
                0x000000000000030e       0x2d C:/Dev/STMRepos/light_module/build/cmake/stm32cubemx/CMakeFiles/STM32_Drivers.dir/__/__/Core/Src/system_stm32f1xx.c.obj
 .ARM.attributes
                0x000000000000033b       0x2d C:/Dev/STMRepos/light_module/build/cmake/stm32cubemx/CMakeFiles/STM32_Drivers.dir/__/__/Drivers/STM32F1xx_HAL_Driver/Src/stm32f1xx_hal_adc.c.obj
 .ARM.attributes
                0x0000000000000368       0x2d C:/Dev/STMRepos/light_module/build/cmake/stm32cubemx/CMakeFiles/STM32_Drivers.dir/__/__/Drivers/STM32F1xx_HAL_Driver/Src/stm32f1xx_hal.c.obj
 .ARM.attributes
                0x0000000000000395       0x2d C:/Dev/STMRepos/light_module/build/cmake/stm32cubemx/CMakeFiles/STM32_Drivers.dir/__/__/Drivers/STM32F1xx_HAL_Driver/Src/stm32f1xx_hal_rcc.c.obj
 .ARM.attributes
                0x00000000000003c2       0x2d C:/Dev/STMRepos/light_module/build/cmake/stm32cubemx/CMakeFiles/STM32_Drivers.dir/__/__/Drivers/STM32F1xx_HAL_Driver/Src/stm32f1xx_hal_rcc_ex.c.obj
 .ARM.attributes
                0x00000000000003ef       0x2d C:/Dev/STMRepos/light_module/build/cmake/stm32cubemx/CMakeFiles/STM32_Drivers.dir/__/__/Drivers/STM32F1xx_HAL_Driver/Src/stm32f1xx_hal_gpio.c.obj
 .ARM.attributes
                0x000000000000041c       0x2d C:/Dev/STMRepos/light_module/build/cmake/stm32cubemx/CMakeFiles/STM32_Drivers.dir/__/__/Drivers/STM32F1xx_HAL_Driver/Src/stm32f1xx_hal_dma.c.obj
 .ARM.attributes
                0x0000000000000449       0x2d C:/Dev/STMRepos/light_module/build/cmake/stm32cubemx/CMakeFiles/STM32_Drivers.dir/__/__/Drivers/STM32F1xx_HAL_Driver/Src/stm32f1xx_hal_cortex.c.obj
 .ARM.attributes
                0x0000000000000476       0x2d C:/Dev/STMRepos/light_module/build/cmake/stm32cubemx/CMakeFiles/STM32_Drivers.dir/__/__/Drivers/STM32F1xx_HAL_Driver/Src/stm32f1xx_hal_i2c.c.obj
 .ARM.attributes
                0x00000000000004a3       0x2d C:/Dev/STMRepos/light_module/build/cmake/stm32cubemx/CMakeFiles/STM32_Drivers.dir/__/__/Drivers/STM32F1xx_HAL_Driver/Src/stm32f1xx_hal_tim.c.obj
 .ARM.attributes
                0x00000000000004d0       0x2d C:/Dev/STMRepos/light_module/build/cmake/stm32cubemx/CMakeFiles/STM32_Drivers.dir/__/__/Drivers/STM32F1xx_HAL_Driver/Src/stm32f1xx_hal_tim_ex.c.obj
 .ARM.attributes
                0x00000000000004fd       0x2d C:/Dev/STMRepos/light_module/build/cmake/stm32cubemx/CMakeFiles/STM32_Drivers.dir/__/__/Drivers/STM32F1xx_HAL_Driver/Src/stm32f1xx_hal_uart.c.obj
 .ARM.attributes
                0x000000000000052a       0x1d C:/ST/STM32CubeCLT/GNU-tools-for-STM32/bin/../lib/gcc/arm-none-eabi/11.3.1/thumb/v7-m/nofp\libgcc.a(_arm_addsubdf3.o)
 .ARM.attributes
                0x0000000000000547       0x1d C:/ST/STM32CubeCLT/GNU-tools-for-STM32/bin/../lib/gcc/arm-none-eabi/11.3.1/thumb/v7-m/nofp\libgcc.a(_arm_muldivdf3.o)
 .ARM.attributes
                0x0000000000000564       0x1d C:/ST/STM32CubeCLT/GNU-tools-for-STM32/bin/../lib/gcc/arm-none-eabi/11.3.1/thumb/v7-m/nofp\libgcc.a(_arm_fixunsdfsi.o)
 .ARM.attributes
                0x0000000000000581       0x2d C:/ST/STM32CubeCLT/GNU-tools-for-STM32/bin/../lib/gcc/arm-none-eabi/11.3.1/../../../../arm-none-eabi/lib/thumb/v7-m/nofp\libg_nano.a(libc_a-errno.o)
 .ARM.attributes
                0x00000000000005ae       0x1d C:/ST/STM32CubeCLT/GNU-tools-for-STM32/bin/../lib/gcc/arm-none-eabi/11.3.1/thumb/v7-m/nofp/crtn.o

.comment        0x0000000000000000       0x43
 .comment       0x0000000000000000       0x43 C:/ST/STM32CubeCLT/GNU-tools-for-STM32/bin/../lib/gcc/arm-none-eabi/11.3.1/thumb/v7-m/nofp/crtbegin.o
                                         0x44 (size before relaxing)
 .comment       0x0000000000000043       0x44 CMakeFiles/light_module.dir/Core/Src/main.c.obj
 .comment       0x0000000000000043       0x44 CMakeFiles/light_module.dir/Core/Src/gpio.c.obj
 .comment       0x0000000000000043       0x44 CMakeFiles/light_module.dir/Core/Src/adc.c.obj
 .comment       0x0000000000000043       0x44 CMakeFiles/light_module.dir/Core/Src/dma.c.obj
 .comment       0x0000000000000043       0x44 CMakeFiles/light_module.dir/Core/Src/i2c.c.obj
 .comment       0x0000000000000043       0x44 CMakeFiles/light_module.dir/Core/Src/tim.c.obj
 .comment       0x0000000000000043       0x44 CMakeFiles/light_module.dir/Core/Src/usart.c.obj
 .comment       0x0000000000000043       0x44 CMakeFiles/light_module.dir/Core/Src/stm32f1xx_it.c.obj
 .comment       0x0000000000000043       0x44 CMakeFiles/light_module.dir/Core/Src/stm32f1xx_hal_msp.c.obj
 .comment       0x0000000000000043       0x44 CMakeFiles/light_module.dir/Core/Src/led_effects.c.obj
 .comment       0x0000000000000043       0x44 CMakeFiles/light_module.dir/Core/Src/ws2812b.c.obj
 .comment       0x0000000000000043       0x44 C:/Dev/STMRepos/light_module/build/cmake/stm32cubemx/CMakeFiles/STM32_Drivers.dir/__/__/Core/Src/system_stm32f1xx.c.obj
 .comment       0x0000000000000043       0x44 C:/Dev/STMRepos/light_module/build/cmake/stm32cubemx/CMakeFiles/STM32_Drivers.dir/__/__/Drivers/STM32F1xx_HAL_Driver/Src/stm32f1xx_hal_adc.c.obj
 .comment       0x0000000000000043       0x44 C:/Dev/STMRepos/light_module/build/cmake/stm32cubemx/CMakeFiles/STM32_Drivers.dir/__/__/Drivers/STM32F1xx_HAL_Driver/Src/stm32f1xx_hal.c.obj
 .comment       0x0000000000000043       0x44 C:/Dev/STMRepos/light_module/build/cmake/stm32cubemx/CMakeFiles/STM32_Drivers.dir/__/__/Drivers/STM32F1xx_HAL_Driver/Src/stm32f1xx_hal_rcc.c.obj
 .comment       0x0000000000000043       0x44 C:/Dev/STMRepos/light_module/build/cmake/stm32cubemx/CMakeFiles/STM32_Drivers.dir/__/__/Drivers/STM32F1xx_HAL_Driver/Src/stm32f1xx_hal_rcc_ex.c.obj
 .comment       0x0000000000000043       0x44 C:/Dev/STMRepos/light_module/build/cmake/stm32cubemx/CMakeFiles/STM32_Drivers.dir/__/__/Drivers/STM32F1xx_HAL_Driver/Src/stm32f1xx_hal_gpio.c.obj
 .comment       0x0000000000000043       0x44 C:/Dev/STMRepos/light_module/build/cmake/stm32cubemx/CMakeFiles/STM32_Drivers.dir/__/__/Drivers/STM32F1xx_HAL_Driver/Src/stm32f1xx_hal_dma.c.obj
 .comment       0x0000000000000043       0x44 C:/Dev/STMRepos/light_module/build/cmake/stm32cubemx/CMakeFiles/STM32_Drivers.dir/__/__/Drivers/STM32F1xx_HAL_Driver/Src/stm32f1xx_hal_cortex.c.obj
 .comment       0x0000000000000043       0x44 C:/Dev/STMRepos/light_module/build/cmake/stm32cubemx/CMakeFiles/STM32_Drivers.dir/__/__/Drivers/STM32F1xx_HAL_Driver/Src/stm32f1xx_hal_i2c.c.obj
 .comment       0x0000000000000043       0x44 C:/Dev/STMRepos/light_module/build/cmake/stm32cubemx/CMakeFiles/STM32_Drivers.dir/__/__/Drivers/STM32F1xx_HAL_Driver/Src/stm32f1xx_hal_tim.c.obj
 .comment       0x0000000000000043       0x44 C:/Dev/STMRepos/light_module/build/cmake/stm32cubemx/CMakeFiles/STM32_Drivers.dir/__/__/Drivers/STM32F1xx_HAL_Driver/Src/stm32f1xx_hal_tim_ex.c.obj
 .comment       0x0000000000000043       0x44 C:/Dev/STMRepos/light_module/build/cmake/stm32cubemx/CMakeFiles/STM32_Drivers.dir/__/__/Drivers/STM32F1xx_HAL_Driver/Src/stm32f1xx_hal_uart.c.obj
 .comment       0x0000000000000043       0x44 C:/ST/STM32CubeCLT/GNU-tools-for-STM32/bin/../lib/gcc/arm-none-eabi/11.3.1/../../../../arm-none-eabi/lib/thumb/v7-m/nofp\libg_nano.a(libc_a-errno.o)

.debug_frame    0x0000000000000000     0x47fc
 .debug_frame   0x0000000000000000      0x144 C:/ST/STM32CubeCLT/GNU-tools-for-STM32/bin/../lib/gcc/arm-none-eabi/11.3.1/../../../../arm-none-eabi/lib/thumb/v7-m/nofp\libc_nano.a(libc_a-findfp.o)
 .debug_frame   0x0000000000000144       0x20 C:/ST/STM32CubeCLT/GNU-tools-for-STM32/bin/../lib/gcc/arm-none-eabi/11.3.1/../../../../arm-none-eabi/lib/thumb/v7-m/nofp\libc_nano.a(libc_a-memset.o)
 .debug_frame   0x0000000000000164       0x2c C:/ST/STM32CubeCLT/GNU-tools-for-STM32/bin/../lib/gcc/arm-none-eabi/11.3.1/../../../../arm-none-eabi/lib/thumb/v7-m/nofp\libc_nano.a(libc_a-init.o)
 .debug_frame   0x0000000000000190       0x68 CMakeFiles/light_module.dir/Core/Src/main.c.obj
 .debug_frame   0x00000000000001f8       0x34 CMakeFiles/light_module.dir/Core/Src/gpio.c.obj
 .debug_frame   0x000000000000022c       0x7c CMakeFiles/light_module.dir/Core/Src/adc.c.obj
 .debug_frame   0x00000000000002a8       0x34 CMakeFiles/light_module.dir/Core/Src/dma.c.obj
 .debug_frame   0x00000000000002dc       0x74 CMakeFiles/light_module.dir/Core/Src/i2c.c.obj
 .debug_frame   0x0000000000000350       0xe8 CMakeFiles/light_module.dir/Core/Src/tim.c.obj
 .debug_frame   0x0000000000000438       0x74 CMakeFiles/light_module.dir/Core/Src/usart.c.obj
 .debug_frame   0x00000000000004ac      0x120 CMakeFiles/light_module.dir/Core/Src/stm32f1xx_it.c.obj
 .debug_frame   0x00000000000005cc       0x38 CMakeFiles/light_module.dir/Core/Src/stm32f1xx_hal_msp.c.obj
 .debug_frame   0x0000000000000604       0x80 CMakeFiles/light_module.dir/Core/Src/led_effects.c.obj
 .debug_frame   0x0000000000000684       0xd4 CMakeFiles/light_module.dir/Core/Src/ws2812b.c.obj
 .debug_frame   0x0000000000000758       0x58 C:/Dev/STMRepos/light_module/build/cmake/stm32cubemx/CMakeFiles/STM32_Drivers.dir/__/__/Core/Src/system_stm32f1xx.c.obj
 .debug_frame   0x00000000000007b0      0x40c C:/Dev/STMRepos/light_module/build/cmake/stm32cubemx/CMakeFiles/STM32_Drivers.dir/__/__/Drivers/STM32F1xx_HAL_Driver/Src/stm32f1xx_hal_adc.c.obj
 .debug_frame   0x0000000000000bbc      0x334 C:/Dev/STMRepos/light_module/build/cmake/stm32cubemx/CMakeFiles/STM32_Drivers.dir/__/__/Drivers/STM32F1xx_HAL_Driver/Src/stm32f1xx_hal.c.obj
 .debug_frame   0x0000000000000ef0      0x218 C:/Dev/STMRepos/light_module/build/cmake/stm32cubemx/CMakeFiles/STM32_Drivers.dir/__/__/Drivers/STM32F1xx_HAL_Driver/Src/stm32f1xx_hal_rcc.c.obj
 .debug_frame   0x0000000000001108       0x80 C:/Dev/STMRepos/light_module/build/cmake/stm32cubemx/CMakeFiles/STM32_Drivers.dir/__/__/Drivers/STM32F1xx_HAL_Driver/Src/stm32f1xx_hal_rcc_ex.c.obj
 .debug_frame   0x0000000000001188      0x14c C:/Dev/STMRepos/light_module/build/cmake/stm32cubemx/CMakeFiles/STM32_Drivers.dir/__/__/Drivers/STM32F1xx_HAL_Driver/Src/stm32f1xx_hal_gpio.c.obj
 .debug_frame   0x00000000000012d4      0x208 C:/Dev/STMRepos/light_module/build/cmake/stm32cubemx/CMakeFiles/STM32_Drivers.dir/__/__/Drivers/STM32F1xx_HAL_Driver/Src/stm32f1xx_hal_dma.c.obj
 .debug_frame   0x00000000000014dc      0x428 C:/Dev/STMRepos/light_module/build/cmake/stm32cubemx/CMakeFiles/STM32_Drivers.dir/__/__/Drivers/STM32F1xx_HAL_Driver/Src/stm32f1xx_hal_cortex.c.obj
 .debug_frame   0x0000000000001904      0xc84 C:/Dev/STMRepos/light_module/build/cmake/stm32cubemx/CMakeFiles/STM32_Drivers.dir/__/__/Drivers/STM32F1xx_HAL_Driver/Src/stm32f1xx_hal_i2c.c.obj
 .debug_frame   0x0000000000002588     0x11b8 C:/Dev/STMRepos/light_module/build/cmake/stm32cubemx/CMakeFiles/STM32_Drivers.dir/__/__/Drivers/STM32F1xx_HAL_Driver/Src/stm32f1xx_hal_tim.c.obj
 .debug_frame   0x0000000000003740      0x638 C:/Dev/STMRepos/light_module/build/cmake/stm32cubemx/CMakeFiles/STM32_Drivers.dir/__/__/Drivers/STM32F1xx_HAL_Driver/Src/stm32f1xx_hal_tim_ex.c.obj
 .debug_frame   0x0000000000003d78      0x944 C:/Dev/STMRepos/light_module/build/cmake/stm32cubemx/CMakeFiles/STM32_Drivers.dir/__/__/Drivers/STM32F1xx_HAL_Driver/Src/stm32f1xx_hal_uart.c.obj
 .debug_frame   0x00000000000046bc       0xac C:/ST/STM32CubeCLT/GNU-tools-for-STM32/bin/../lib/gcc/arm-none-eabi/11.3.1/thumb/v7-m/nofp\libgcc.a(_arm_addsubdf3.o)
 .debug_frame   0x0000000000004768       0x50 C:/ST/STM32CubeCLT/GNU-tools-for-STM32/bin/../lib/gcc/arm-none-eabi/11.3.1/thumb/v7-m/nofp\libgcc.a(_arm_muldivdf3.o)
 .debug_frame   0x00000000000047b8       0x24 C:/ST/STM32CubeCLT/GNU-tools-for-STM32/bin/../lib/gcc/arm-none-eabi/11.3.1/thumb/v7-m/nofp\libgcc.a(_arm_fixunsdfsi.o)
 .debug_frame   0x00000000000047dc       0x20 C:/ST/STM32CubeCLT/GNU-tools-for-STM32/bin/../lib/gcc/arm-none-eabi/11.3.1/../../../../arm-none-eabi/lib/thumb/v7-m/nofp\libg_nano.a(libc_a-errno.o)

.debug_info     0x0000000000000000    0x11049
 .debug_info    0x0000000000000000      0x451 CMakeFiles/light_module.dir/Core/Src/main.c.obj
 .debug_info    0x0000000000000451      0x2d3 CMakeFiles/light_module.dir/Core/Src/gpio.c.obj
 .debug_info    0x0000000000000724      0x7b8 CMakeFiles/light_module.dir/Core/Src/adc.c.obj
 .debug_info    0x0000000000000edc      0x2cf CMakeFiles/light_module.dir/Core/Src/dma.c.obj
 .debug_info    0x00000000000011ab      0x7e3 CMakeFiles/light_module.dir/Core/Src/i2c.c.obj
 .debug_info    0x000000000000198e      0xc48 CMakeFiles/light_module.dir/Core/Src/tim.c.obj
 .debug_info    0x00000000000025d6      0x798 CMakeFiles/light_module.dir/Core/Src/usart.c.obj
 .debug_info    0x0000000000002d6e      0x35e CMakeFiles/light_module.dir/Core/Src/stm32f1xx_it.c.obj
 .debug_info    0x00000000000030cc      0x1f1 CMakeFiles/light_module.dir/Core/Src/stm32f1xx_hal_msp.c.obj
 .debug_info    0x00000000000032bd       0x23 CMakeFiles/light_module.dir/startup_stm32f103xb.s.obj
 .debug_info    0x00000000000032e0      0x204 CMakeFiles/light_module.dir/Core/Src/led_effects.c.obj
 .debug_info    0x00000000000034e4      0x88c CMakeFiles/light_module.dir/Core/Src/ws2812b.c.obj
 .debug_info    0x0000000000003d70      0x3ed C:/Dev/STMRepos/light_module/build/cmake/stm32cubemx/CMakeFiles/STM32_Drivers.dir/__/__/Core/Src/system_stm32f1xx.c.obj
 .debug_info    0x000000000000415d      0xc50 C:/Dev/STMRepos/light_module/build/cmake/stm32cubemx/CMakeFiles/STM32_Drivers.dir/__/__/Drivers/STM32F1xx_HAL_Driver/Src/stm32f1xx_hal_adc.c.obj
 .debug_info    0x0000000000004dad      0x704 C:/Dev/STMRepos/light_module/build/cmake/stm32cubemx/CMakeFiles/STM32_Drivers.dir/__/__/Drivers/STM32F1xx_HAL_Driver/Src/stm32f1xx_hal.c.obj
 .debug_info    0x00000000000054b1      0x7d5 C:/Dev/STMRepos/light_module/build/cmake/stm32cubemx/CMakeFiles/STM32_Drivers.dir/__/__/Drivers/STM32F1xx_HAL_Driver/Src/stm32f1xx_hal_rcc.c.obj
 .debug_info    0x0000000000005c86      0x3c0 C:/Dev/STMRepos/light_module/build/cmake/stm32cubemx/CMakeFiles/STM32_Drivers.dir/__/__/Drivers/STM32F1xx_HAL_Driver/Src/stm32f1xx_hal_rcc_ex.c.obj
 .debug_info    0x0000000000006046      0x5ab C:/Dev/STMRepos/light_module/build/cmake/stm32cubemx/CMakeFiles/STM32_Drivers.dir/__/__/Drivers/STM32F1xx_HAL_Driver/Src/stm32f1xx_hal_gpio.c.obj
 .debug_info    0x00000000000065f1      0x6d2 C:/Dev/STMRepos/light_module/build/cmake/stm32cubemx/CMakeFiles/STM32_Drivers.dir/__/__/Drivers/STM32F1xx_HAL_Driver/Src/stm32f1xx_hal_dma.c.obj
 .debug_info    0x0000000000006cc3      0xa87 C:/Dev/STMRepos/light_module/build/cmake/stm32cubemx/CMakeFiles/STM32_Drivers.dir/__/__/Drivers/STM32F1xx_HAL_Driver/Src/stm32f1xx_hal_cortex.c.obj
 .debug_info    0x000000000000774a     0x2524 C:/Dev/STMRepos/light_module/build/cmake/stm32cubemx/CMakeFiles/STM32_Drivers.dir/__/__/Drivers/STM32F1xx_HAL_Driver/Src/stm32f1xx_hal_i2c.c.obj
 .debug_info    0x0000000000009c6e     0x2959 C:/Dev/STMRepos/light_module/build/cmake/stm32cubemx/CMakeFiles/STM32_Drivers.dir/__/__/Drivers/STM32F1xx_HAL_Driver/Src/stm32f1xx_hal_tim.c.obj
 .debug_info    0x000000000000c5c7     0x149b C:/Dev/STMRepos/light_module/build/cmake/stm32cubemx/CMakeFiles/STM32_Drivers.dir/__/__/Drivers/STM32F1xx_HAL_Driver/Src/stm32f1xx_hal_tim_ex.c.obj
 .debug_info    0x000000000000da62     0x2eed C:/Dev/STMRepos/light_module/build/cmake/stm32cubemx/CMakeFiles/STM32_Drivers.dir/__/__/Drivers/STM32F1xx_HAL_Driver/Src/stm32f1xx_hal_uart.c.obj
 .debug_info    0x000000000001094f      0x6fa C:/ST/STM32CubeCLT/GNU-tools-for-STM32/bin/../lib/gcc/arm-none-eabi/11.3.1/../../../../arm-none-eabi/lib/thumb/v7-m/nofp\libg_nano.a(libc_a-errno.o)

.debug_abbrev   0x0000000000000000     0x2e29
 .debug_abbrev  0x0000000000000000      0x1fc CMakeFiles/light_module.dir/Core/Src/main.c.obj
 .debug_abbrev  0x00000000000001fc      0x13f CMakeFiles/light_module.dir/Core/Src/gpio.c.obj
 .debug_abbrev  0x000000000000033b      0x1e1 CMakeFiles/light_module.dir/Core/Src/adc.c.obj
 .debug_abbrev  0x000000000000051c       0xfc CMakeFiles/light_module.dir/Core/Src/dma.c.obj
 .debug_abbrev  0x0000000000000618      0x1de CMakeFiles/light_module.dir/Core/Src/i2c.c.obj
 .debug_abbrev  0x00000000000007f6      0x278 CMakeFiles/light_module.dir/Core/Src/tim.c.obj
 .debug_abbrev  0x0000000000000a6e      0x1e6 CMakeFiles/light_module.dir/Core/Src/usart.c.obj
 .debug_abbrev  0x0000000000000c54      0x16e CMakeFiles/light_module.dir/Core/Src/stm32f1xx_it.c.obj
 .debug_abbrev  0x0000000000000dc2       0xdb CMakeFiles/light_module.dir/Core/Src/stm32f1xx_hal_msp.c.obj
 .debug_abbrev  0x0000000000000e9d       0x12 CMakeFiles/light_module.dir/startup_stm32f103xb.s.obj
 .debug_abbrev  0x0000000000000eaf      0x10e CMakeFiles/light_module.dir/Core/Src/led_effects.c.obj
 .debug_abbrev  0x0000000000000fbd      0x20f CMakeFiles/light_module.dir/Core/Src/ws2812b.c.obj
 .debug_abbrev  0x00000000000011cc      0x13d C:/Dev/STMRepos/light_module/build/cmake/stm32cubemx/CMakeFiles/STM32_Drivers.dir/__/__/Core/Src/system_stm32f1xx.c.obj
 .debug_abbrev  0x0000000000001309      0x225 C:/Dev/STMRepos/light_module/build/cmake/stm32cubemx/CMakeFiles/STM32_Drivers.dir/__/__/Drivers/STM32F1xx_HAL_Driver/Src/stm32f1xx_hal_adc.c.obj
 .debug_abbrev  0x000000000000152e      0x201 C:/Dev/STMRepos/light_module/build/cmake/stm32cubemx/CMakeFiles/STM32_Drivers.dir/__/__/Drivers/STM32F1xx_HAL_Driver/Src/stm32f1xx_hal.c.obj
 .debug_abbrev  0x000000000000172f      0x2b3 C:/Dev/STMRepos/light_module/build/cmake/stm32cubemx/CMakeFiles/STM32_Drivers.dir/__/__/Drivers/STM32F1xx_HAL_Driver/Src/stm32f1xx_hal_rcc.c.obj
 .debug_abbrev  0x00000000000019e2      0x188 C:/Dev/STMRepos/light_module/build/cmake/stm32cubemx/CMakeFiles/STM32_Drivers.dir/__/__/Drivers/STM32F1xx_HAL_Driver/Src/stm32f1xx_hal_rcc_ex.c.obj
 .debug_abbrev  0x0000000000001b6a      0x1ca C:/Dev/STMRepos/light_module/build/cmake/stm32cubemx/CMakeFiles/STM32_Drivers.dir/__/__/Drivers/STM32F1xx_HAL_Driver/Src/stm32f1xx_hal_gpio.c.obj
 .debug_abbrev  0x0000000000001d34      0x20b C:/Dev/STMRepos/light_module/build/cmake/stm32cubemx/CMakeFiles/STM32_Drivers.dir/__/__/Drivers/STM32F1xx_HAL_Driver/Src/stm32f1xx_hal_dma.c.obj
 .debug_abbrev  0x0000000000001f3f      0x2f8 C:/Dev/STMRepos/light_module/build/cmake/stm32cubemx/CMakeFiles/STM32_Drivers.dir/__/__/Drivers/STM32F1xx_HAL_Driver/Src/stm32f1xx_hal_cortex.c.obj
 .debug_abbrev  0x0000000000002237      0x2a3 C:/Dev/STMRepos/light_module/build/cmake/stm32cubemx/CMakeFiles/STM32_Drivers.dir/__/__/Drivers/STM32F1xx_HAL_Driver/Src/stm32f1xx_hal_i2c.c.obj
 .debug_abbrev  0x00000000000024da      0x277 C:/Dev/STMRepos/light_module/build/cmake/stm32cubemx/CMakeFiles/STM32_Drivers.dir/__/__/Drivers/STM32F1xx_HAL_Driver/Src/stm32f1xx_hal_tim.c.obj
 .debug_abbrev  0x0000000000002751      0x282 C:/Dev/STMRepos/light_module/build/cmake/stm32cubemx/CMakeFiles/STM32_Drivers.dir/__/__/Drivers/STM32F1xx_HAL_Driver/Src/stm32f1xx_hal_tim_ex.c.obj
 .debug_abbrev  0x00000000000029d3      0x2f8 C:/Dev/STMRepos/light_module/build/cmake/stm32cubemx/CMakeFiles/STM32_Drivers.dir/__/__/Drivers/STM32F1xx_HAL_Driver/Src/stm32f1xx_hal_uart.c.obj
 .debug_abbrev  0x0000000000002ccb      0x15e C:/ST/STM32CubeCLT/GNU-tools-for-STM32/bin/../lib/gcc/arm-none-eabi/11.3.1/../../../../arm-none-eabi/lib/thumb/v7-m/nofp\libg_nano.a(libc_a-errno.o)

.debug_aranges  0x0000000000000000     0x1100
 .debug_aranges
                0x0000000000000000       0x30 CMakeFiles/light_module.dir/Core/Src/main.c.obj
 .debug_aranges
                0x0000000000000030       0x20 CMakeFiles/light_module.dir/Core/Src/gpio.c.obj
 .debug_aranges
                0x0000000000000050       0x30 CMakeFiles/light_module.dir/Core/Src/adc.c.obj
 .debug_aranges
                0x0000000000000080       0x20 CMakeFiles/light_module.dir/Core/Src/dma.c.obj
 .debug_aranges
                0x00000000000000a0       0x30 CMakeFiles/light_module.dir/Core/Src/i2c.c.obj
 .debug_aranges
                0x00000000000000d0       0x48 CMakeFiles/light_module.dir/Core/Src/tim.c.obj
 .debug_aranges
                0x0000000000000118       0x30 CMakeFiles/light_module.dir/Core/Src/usart.c.obj
 .debug_aranges
                0x0000000000000148       0x68 CMakeFiles/light_module.dir/Core/Src/stm32f1xx_it.c.obj
 .debug_aranges
                0x00000000000001b0       0x20 CMakeFiles/light_module.dir/Core/Src/stm32f1xx_hal_msp.c.obj
 .debug_aranges
                0x00000000000001d0       0x28 CMakeFiles/light_module.dir/startup_stm32f103xb.s.obj
 .debug_aranges
                0x00000000000001f8       0x30 CMakeFiles/light_module.dir/Core/Src/led_effects.c.obj
 .debug_aranges
                0x0000000000000228       0x40 CMakeFiles/light_module.dir/Core/Src/ws2812b.c.obj
 .debug_aranges
                0x0000000000000268       0x28 C:/Dev/STMRepos/light_module/build/cmake/stm32cubemx/CMakeFiles/STM32_Drivers.dir/__/__/Core/Src/system_stm32f1xx.c.obj
 .debug_aranges
                0x0000000000000290       0xf0 C:/Dev/STMRepos/light_module/build/cmake/stm32cubemx/CMakeFiles/STM32_Drivers.dir/__/__/Drivers/STM32F1xx_HAL_Driver/Src/stm32f1xx_hal_adc.c.obj
 .debug_aranges
                0x0000000000000380       0xe0 C:/Dev/STMRepos/light_module/build/cmake/stm32cubemx/CMakeFiles/STM32_Drivers.dir/__/__/Drivers/STM32F1xx_HAL_Driver/Src/stm32f1xx_hal.c.obj
 .debug_aranges
                0x0000000000000460       0x90 C:/Dev/STMRepos/light_module/build/cmake/stm32cubemx/CMakeFiles/STM32_Drivers.dir/__/__/Drivers/STM32F1xx_HAL_Driver/Src/stm32f1xx_hal_rcc.c.obj
 .debug_aranges
                0x00000000000004f0       0x30 C:/Dev/STMRepos/light_module/build/cmake/stm32cubemx/CMakeFiles/STM32_Drivers.dir/__/__/Drivers/STM32F1xx_HAL_Driver/Src/stm32f1xx_hal_rcc_ex.c.obj
 .debug_aranges
                0x0000000000000520       0x58 C:/Dev/STMRepos/light_module/build/cmake/stm32cubemx/CMakeFiles/STM32_Drivers.dir/__/__/Drivers/STM32F1xx_HAL_Driver/Src/stm32f1xx_hal_gpio.c.obj
 .debug_aranges
                0x0000000000000578       0x80 C:/Dev/STMRepos/light_module/build/cmake/stm32cubemx/CMakeFiles/STM32_Drivers.dir/__/__/Drivers/STM32F1xx_HAL_Driver/Src/stm32f1xx_hal_dma.c.obj
 .debug_aranges
                0x00000000000005f8      0x100 C:/Dev/STMRepos/light_module/build/cmake/stm32cubemx/CMakeFiles/STM32_Drivers.dir/__/__/Drivers/STM32F1xx_HAL_Driver/Src/stm32f1xx_hal_cortex.c.obj
 .debug_aranges
                0x00000000000006f8      0x2a8 C:/Dev/STMRepos/light_module/build/cmake/stm32cubemx/CMakeFiles/STM32_Drivers.dir/__/__/Drivers/STM32F1xx_HAL_Driver/Src/stm32f1xx_hal_i2c.c.obj
 .debug_aranges
                0x00000000000009a0      0x3d0 C:/Dev/STMRepos/light_module/build/cmake/stm32cubemx/CMakeFiles/STM32_Drivers.dir/__/__/Drivers/STM32F1xx_HAL_Driver/Src/stm32f1xx_hal_tim.c.obj
 .debug_aranges
                0x0000000000000d70      0x168 C:/Dev/STMRepos/light_module/build/cmake/stm32cubemx/CMakeFiles/STM32_Drivers.dir/__/__/Drivers/STM32F1xx_HAL_Driver/Src/stm32f1xx_hal_tim_ex.c.obj
 .debug_aranges
                0x0000000000000ed8      0x208 C:/Dev/STMRepos/light_module/build/cmake/stm32cubemx/CMakeFiles/STM32_Drivers.dir/__/__/Drivers/STM32F1xx_HAL_Driver/Src/stm32f1xx_hal_uart.c.obj
 .debug_aranges
                0x00000000000010e0       0x20 C:/ST/STM32CubeCLT/GNU-tools-for-STM32/bin/../lib/gcc/arm-none-eabi/11.3.1/../../../../arm-none-eabi/lib/thumb/v7-m/nofp\libg_nano.a(libc_a-errno.o)

.debug_rnglists
                0x0000000000000000      0xd4c
 .debug_rnglists
                0x0000000000000000       0x21 CMakeFiles/light_module.dir/Core/Src/main.c.obj
 .debug_rnglists
                0x0000000000000021       0x14 CMakeFiles/light_module.dir/Core/Src/gpio.c.obj
 .debug_rnglists
                0x0000000000000035       0x1f CMakeFiles/light_module.dir/Core/Src/adc.c.obj
 .debug_rnglists
                0x0000000000000054       0x13 CMakeFiles/light_module.dir/Core/Src/dma.c.obj
 .debug_rnglists
                0x0000000000000067       0x20 CMakeFiles/light_module.dir/Core/Src/i2c.c.obj
 .debug_rnglists
                0x0000000000000087       0x36 CMakeFiles/light_module.dir/Core/Src/tim.c.obj
 .debug_rnglists
                0x00000000000000bd       0x20 CMakeFiles/light_module.dir/Core/Src/usart.c.obj
 .debug_rnglists
                0x00000000000000dd       0x49 CMakeFiles/light_module.dir/Core/Src/stm32f1xx_it.c.obj
 .debug_rnglists
                0x0000000000000126       0x13 CMakeFiles/light_module.dir/Core/Src/stm32f1xx_hal_msp.c.obj
 .debug_rnglists
                0x0000000000000139       0x19 CMakeFiles/light_module.dir/startup_stm32f103xb.s.obj
 .debug_rnglists
                0x0000000000000152       0x1f CMakeFiles/light_module.dir/Core/Src/led_effects.c.obj
 .debug_rnglists
                0x0000000000000171       0x2d CMakeFiles/light_module.dir/Core/Src/ws2812b.c.obj
 .debug_rnglists
                0x000000000000019e       0x1a C:/Dev/STMRepos/light_module/build/cmake/stm32cubemx/CMakeFiles/STM32_Drivers.dir/__/__/Core/Src/system_stm32f1xx.c.obj
 .debug_rnglists
                0x00000000000001b8       0xbc C:/Dev/STMRepos/light_module/build/cmake/stm32cubemx/CMakeFiles/STM32_Drivers.dir/__/__/Drivers/STM32F1xx_HAL_Driver/Src/stm32f1xx_hal_adc.c.obj
 .debug_rnglists
                0x0000000000000274       0xa3 C:/Dev/STMRepos/light_module/build/cmake/stm32cubemx/CMakeFiles/STM32_Drivers.dir/__/__/Drivers/STM32F1xx_HAL_Driver/Src/stm32f1xx_hal.c.obj
 .debug_rnglists
                0x0000000000000317       0x6c C:/Dev/STMRepos/light_module/build/cmake/stm32cubemx/CMakeFiles/STM32_Drivers.dir/__/__/Drivers/STM32F1xx_HAL_Driver/Src/stm32f1xx_hal_rcc.c.obj
 .debug_rnglists
                0x0000000000000383       0x21 C:/Dev/STMRepos/light_module/build/cmake/stm32cubemx/CMakeFiles/STM32_Drivers.dir/__/__/Drivers/STM32F1xx_HAL_Driver/Src/stm32f1xx_hal_rcc_ex.c.obj
 .debug_rnglists
                0x00000000000003a4       0x3f C:/Dev/STMRepos/light_module/build/cmake/stm32cubemx/CMakeFiles/STM32_Drivers.dir/__/__/Drivers/STM32F1xx_HAL_Driver/Src/stm32f1xx_hal_gpio.c.obj
 .debug_rnglists
                0x00000000000003e3       0x64 C:/Dev/STMRepos/light_module/build/cmake/stm32cubemx/CMakeFiles/STM32_Drivers.dir/__/__/Drivers/STM32F1xx_HAL_Driver/Src/stm32f1xx_hal_dma.c.obj
 .debug_rnglists
                0x0000000000000447       0xbb C:/Dev/STMRepos/light_module/build/cmake/stm32cubemx/CMakeFiles/STM32_Drivers.dir/__/__/Drivers/STM32F1xx_HAL_Driver/Src/stm32f1xx_hal_cortex.c.obj
 .debug_rnglists
                0x0000000000000502      0x23c C:/Dev/STMRepos/light_module/build/cmake/stm32cubemx/CMakeFiles/STM32_Drivers.dir/__/__/Drivers/STM32F1xx_HAL_Driver/Src/stm32f1xx_hal_i2c.c.obj
 .debug_rnglists
                0x000000000000073e      0x31a C:/Dev/STMRepos/light_module/build/cmake/stm32cubemx/CMakeFiles/STM32_Drivers.dir/__/__/Drivers/STM32F1xx_HAL_Driver/Src/stm32f1xx_hal_tim.c.obj
 .debug_rnglists
                0x0000000000000a58      0x125 C:/Dev/STMRepos/light_module/build/cmake/stm32cubemx/CMakeFiles/STM32_Drivers.dir/__/__/Drivers/STM32F1xx_HAL_Driver/Src/stm32f1xx_hal_tim_ex.c.obj
 .debug_rnglists
                0x0000000000000b7d      0x1bc C:/Dev/STMRepos/light_module/build/cmake/stm32cubemx/CMakeFiles/STM32_Drivers.dir/__/__/Drivers/STM32F1xx_HAL_Driver/Src/stm32f1xx_hal_uart.c.obj
 .debug_rnglists
                0x0000000000000d39       0x13 C:/ST/STM32CubeCLT/GNU-tools-for-STM32/bin/../lib/gcc/arm-none-eabi/11.3.1/../../../../arm-none-eabi/lib/thumb/v7-m/nofp\libg_nano.a(libc_a-errno.o)

.debug_macro    0x0000000000000000    0x18edd
 .debug_macro   0x0000000000000000      0x21a CMakeFiles/light_module.dir/Core/Src/main.c.obj
 .debug_macro   0x000000000000021a      0xa9c CMakeFiles/light_module.dir/Core/Src/main.c.obj
 .debug_macro   0x0000000000000cb6      0x22d CMakeFiles/light_module.dir/Core/Src/main.c.obj
 .debug_macro   0x0000000000000ee3       0x2e CMakeFiles/light_module.dir/Core/Src/main.c.obj
 .debug_macro   0x0000000000000f11       0x22 CMakeFiles/light_module.dir/Core/Src/main.c.obj
 .debug_macro   0x0000000000000f33       0x22 CMakeFiles/light_module.dir/Core/Src/main.c.obj
 .debug_macro   0x0000000000000f55       0x8e CMakeFiles/light_module.dir/Core/Src/main.c.obj
 .debug_macro   0x0000000000000fe3       0x51 CMakeFiles/light_module.dir/Core/Src/main.c.obj
 .debug_macro   0x0000000000001034      0x103 CMakeFiles/light_module.dir/Core/Src/main.c.obj
 .debug_macro   0x0000000000001137       0x6a CMakeFiles/light_module.dir/Core/Src/main.c.obj
 .debug_macro   0x00000000000011a1      0x1df CMakeFiles/light_module.dir/Core/Src/main.c.obj
 .debug_macro   0x0000000000001380       0x1c CMakeFiles/light_module.dir/Core/Src/main.c.obj
 .debug_macro   0x000000000000139c       0x22 CMakeFiles/light_module.dir/Core/Src/main.c.obj
 .debug_macro   0x00000000000013be       0xbd CMakeFiles/light_module.dir/Core/Src/main.c.obj
 .debug_macro   0x000000000000147b      0xd23 CMakeFiles/light_module.dir/Core/Src/main.c.obj
 .debug_macro   0x000000000000219e     0xe09e CMakeFiles/light_module.dir/Core/Src/main.c.obj
 .debug_macro   0x000000000001023c       0x6d CMakeFiles/light_module.dir/Core/Src/main.c.obj
 .debug_macro   0x00000000000102a9     0x34a2 CMakeFiles/light_module.dir/Core/Src/main.c.obj
 .debug_macro   0x000000000001374b      0x174 CMakeFiles/light_module.dir/Core/Src/main.c.obj
 .debug_macro   0x00000000000138bf       0x5c CMakeFiles/light_module.dir/Core/Src/main.c.obj
 .debug_macro   0x000000000001391b      0x5bc CMakeFiles/light_module.dir/Core/Src/main.c.obj
 .debug_macro   0x0000000000013ed7      0x289 CMakeFiles/light_module.dir/Core/Src/main.c.obj
 .debug_macro   0x0000000000014160      0x1cb CMakeFiles/light_module.dir/Core/Src/main.c.obj
 .debug_macro   0x000000000001432b      0x114 CMakeFiles/light_module.dir/Core/Src/main.c.obj
 .debug_macro   0x000000000001443f      0x1b2 CMakeFiles/light_module.dir/Core/Src/main.c.obj
 .debug_macro   0x00000000000145f1       0x27 CMakeFiles/light_module.dir/Core/Src/main.c.obj
 .debug_macro   0x0000000000014618      0x136 CMakeFiles/light_module.dir/Core/Src/main.c.obj
 .debug_macro   0x000000000001474e      0x1bc CMakeFiles/light_module.dir/Core/Src/main.c.obj
 .debug_macro   0x000000000001490a       0x34 CMakeFiles/light_module.dir/Core/Src/main.c.obj
 .debug_macro   0x000000000001493e       0x3c CMakeFiles/light_module.dir/Core/Src/main.c.obj
 .debug_macro   0x000000000001497a       0x57 CMakeFiles/light_module.dir/Core/Src/main.c.obj
 .debug_macro   0x00000000000149d1      0x46a CMakeFiles/light_module.dir/Core/Src/main.c.obj
 .debug_macro   0x0000000000014e3b      0x1b5 CMakeFiles/light_module.dir/Core/Src/main.c.obj
 .debug_macro   0x0000000000014ff0       0x87 CMakeFiles/light_module.dir/Core/Src/main.c.obj
 .debug_macro   0x0000000000015077      0x240 CMakeFiles/light_module.dir/Core/Src/main.c.obj
 .debug_macro   0x00000000000152b7      0x287 CMakeFiles/light_module.dir/Core/Src/main.c.obj
 .debug_macro   0x000000000001553e      0x140 CMakeFiles/light_module.dir/Core/Src/main.c.obj
 .debug_macro   0x000000000001567e      0x8ed CMakeFiles/light_module.dir/Core/Src/main.c.obj
 .debug_macro   0x0000000000015f6b      0x28e CMakeFiles/light_module.dir/Core/Src/main.c.obj
 .debug_macro   0x00000000000161f9       0x83 CMakeFiles/light_module.dir/Core/Src/main.c.obj
 .debug_macro   0x000000000001627c       0xd0 CMakeFiles/light_module.dir/Core/Src/main.c.obj
 .debug_macro   0x000000000001634c      0x1da CMakeFiles/light_module.dir/Core/Src/gpio.c.obj
 .debug_macro   0x0000000000016526      0x1da CMakeFiles/light_module.dir/Core/Src/adc.c.obj
 .debug_macro   0x0000000000016700      0x1da CMakeFiles/light_module.dir/Core/Src/dma.c.obj
 .debug_macro   0x00000000000168da      0x1da CMakeFiles/light_module.dir/Core/Src/i2c.c.obj
 .debug_macro   0x0000000000016ab4      0x1da CMakeFiles/light_module.dir/Core/Src/tim.c.obj
 .debug_macro   0x0000000000016c8e      0x1da CMakeFiles/light_module.dir/Core/Src/usart.c.obj
 .debug_macro   0x0000000000016e68      0x1da CMakeFiles/light_module.dir/Core/Src/stm32f1xx_it.c.obj
 .debug_macro   0x0000000000017042      0x1d0 CMakeFiles/light_module.dir/Core/Src/stm32f1xx_hal_msp.c.obj
 .debug_macro   0x0000000000017212      0x1e3 CMakeFiles/light_module.dir/Core/Src/led_effects.c.obj
 .debug_macro   0x00000000000173f5       0x1c CMakeFiles/light_module.dir/Core/Src/led_effects.c.obj
 .debug_macro   0x0000000000017411      0x27b CMakeFiles/light_module.dir/Core/Src/ws2812b.c.obj
 .debug_macro   0x000000000001768c       0x16 CMakeFiles/light_module.dir/Core/Src/ws2812b.c.obj
 .debug_macro   0x00000000000176a2       0x74 CMakeFiles/light_module.dir/Core/Src/ws2812b.c.obj
 .debug_macro   0x0000000000017716      0x19b CMakeFiles/light_module.dir/Core/Src/ws2812b.c.obj
 .debug_macro   0x00000000000178b1      0x1d3 C:/Dev/STMRepos/light_module/build/cmake/stm32cubemx/CMakeFiles/STM32_Drivers.dir/__/__/Core/Src/system_stm32f1xx.c.obj
 .debug_macro   0x0000000000017a84      0x1de C:/Dev/STMRepos/light_module/build/cmake/stm32cubemx/CMakeFiles/STM32_Drivers.dir/__/__/Drivers/STM32F1xx_HAL_Driver/Src/stm32f1xx_hal_adc.c.obj
 .debug_macro   0x0000000000017c62      0x1e5 C:/Dev/STMRepos/light_module/build/cmake/stm32cubemx/CMakeFiles/STM32_Drivers.dir/__/__/Drivers/STM32F1xx_HAL_Driver/Src/stm32f1xx_hal.c.obj
 .debug_macro   0x0000000000017e47      0x1d3 C:/Dev/STMRepos/light_module/build/cmake/stm32cubemx/CMakeFiles/STM32_Drivers.dir/__/__/Drivers/STM32F1xx_HAL_Driver/Src/stm32f1xx_hal_rcc.c.obj
 .debug_macro   0x000000000001801a      0x1c1 C:/Dev/STMRepos/light_module/build/cmake/stm32cubemx/CMakeFiles/STM32_Drivers.dir/__/__/Drivers/STM32F1xx_HAL_Driver/Src/stm32f1xx_hal_rcc_ex.c.obj
 .debug_macro   0x00000000000181db      0x22c C:/Dev/STMRepos/light_module/build/cmake/stm32cubemx/CMakeFiles/STM32_Drivers.dir/__/__/Drivers/STM32F1xx_HAL_Driver/Src/stm32f1xx_hal_gpio.c.obj
 .debug_macro   0x0000000000018407      0x1c1 C:/Dev/STMRepos/light_module/build/cmake/stm32cubemx/CMakeFiles/STM32_Drivers.dir/__/__/Drivers/STM32F1xx_HAL_Driver/Src/stm32f1xx_hal_dma.c.obj
 .debug_macro   0x00000000000185c8      0x1c1 C:/Dev/STMRepos/light_module/build/cmake/stm32cubemx/CMakeFiles/STM32_Drivers.dir/__/__/Drivers/STM32F1xx_HAL_Driver/Src/stm32f1xx_hal_cortex.c.obj
 .debug_macro   0x0000000000018789      0x20f C:/Dev/STMRepos/light_module/build/cmake/stm32cubemx/CMakeFiles/STM32_Drivers.dir/__/__/Drivers/STM32F1xx_HAL_Driver/Src/stm32f1xx_hal_i2c.c.obj
 .debug_macro   0x0000000000018998      0x1c2 C:/Dev/STMRepos/light_module/build/cmake/stm32cubemx/CMakeFiles/STM32_Drivers.dir/__/__/Drivers/STM32F1xx_HAL_Driver/Src/stm32f1xx_hal_tim.c.obj
 .debug_macro   0x0000000000018b5a      0x1c1 C:/Dev/STMRepos/light_module/build/cmake/stm32cubemx/CMakeFiles/STM32_Drivers.dir/__/__/Drivers/STM32F1xx_HAL_Driver/Src/stm32f1xx_hal_tim_ex.c.obj
 .debug_macro   0x0000000000018d1b      0x1c2 C:/Dev/STMRepos/light_module/build/cmake/stm32cubemx/CMakeFiles/STM32_Drivers.dir/__/__/Drivers/STM32F1xx_HAL_Driver/Src/stm32f1xx_hal_uart.c.obj

.debug_line     0x0000000000000000    0x15228
 .debug_line    0x0000000000000000      0x72c CMakeFiles/light_module.dir/Core/Src/main.c.obj
 .debug_line    0x000000000000072c      0x66e CMakeFiles/light_module.dir/Core/Src/gpio.c.obj
 .debug_line    0x0000000000000d9a      0x6a0 CMakeFiles/light_module.dir/Core/Src/adc.c.obj
 .debug_line    0x000000000000143a      0x62c CMakeFiles/light_module.dir/Core/Src/dma.c.obj
 .debug_line    0x0000000000001a66      0x696 CMakeFiles/light_module.dir/Core/Src/i2c.c.obj
 .debug_line    0x00000000000020fc      0x89a CMakeFiles/light_module.dir/Core/Src/tim.c.obj
 .debug_line    0x0000000000002996      0x6a0 CMakeFiles/light_module.dir/Core/Src/usart.c.obj
 .debug_line    0x0000000000003036      0x70b CMakeFiles/light_module.dir/Core/Src/stm32f1xx_it.c.obj
 .debug_line    0x0000000000003741      0x631 CMakeFiles/light_module.dir/Core/Src/stm32f1xx_hal_msp.c.obj
 .debug_line    0x0000000000003d72       0x78 CMakeFiles/light_module.dir/startup_stm32f103xb.s.obj
 .debug_line    0x0000000000003dea      0x69b CMakeFiles/light_module.dir/Core/Src/led_effects.c.obj
 .debug_line    0x0000000000004485      0x88e CMakeFiles/light_module.dir/Core/Src/ws2812b.c.obj
 .debug_line    0x0000000000004d13      0x6b7 C:/Dev/STMRepos/light_module/build/cmake/stm32cubemx/CMakeFiles/STM32_Drivers.dir/__/__/Core/Src/system_stm32f1xx.c.obj
 .debug_line    0x00000000000053ca      0xf59 C:/Dev/STMRepos/light_module/build/cmake/stm32cubemx/CMakeFiles/STM32_Drivers.dir/__/__/Drivers/STM32F1xx_HAL_Driver/Src/stm32f1xx_hal_adc.c.obj
 .debug_line    0x0000000000006323      0x8dc C:/Dev/STMRepos/light_module/build/cmake/stm32cubemx/CMakeFiles/STM32_Drivers.dir/__/__/Drivers/STM32F1xx_HAL_Driver/Src/stm32f1xx_hal.c.obj
 .debug_line    0x0000000000006bff      0xce5 C:/Dev/STMRepos/light_module/build/cmake/stm32cubemx/CMakeFiles/STM32_Drivers.dir/__/__/Drivers/STM32F1xx_HAL_Driver/Src/stm32f1xx_hal_rcc.c.obj
 .debug_line    0x00000000000078e4      0x820 C:/Dev/STMRepos/light_module/build/cmake/stm32cubemx/CMakeFiles/STM32_Drivers.dir/__/__/Drivers/STM32F1xx_HAL_Driver/Src/stm32f1xx_hal_rcc_ex.c.obj
 .debug_line    0x0000000000008104      0x975 C:/Dev/STMRepos/light_module/build/cmake/stm32cubemx/CMakeFiles/STM32_Drivers.dir/__/__/Drivers/STM32F1xx_HAL_Driver/Src/stm32f1xx_hal_gpio.c.obj
 .debug_line    0x0000000000008a79      0xd35 C:/Dev/STMRepos/light_module/build/cmake/stm32cubemx/CMakeFiles/STM32_Drivers.dir/__/__/Drivers/STM32F1xx_HAL_Driver/Src/stm32f1xx_hal_dma.c.obj
 .debug_line    0x00000000000097ae      0xac4 C:/Dev/STMRepos/light_module/build/cmake/stm32cubemx/CMakeFiles/STM32_Drivers.dir/__/__/Drivers/STM32F1xx_HAL_Driver/Src/stm32f1xx_hal_cortex.c.obj
 .debug_line    0x000000000000a272     0x3a83 C:/Dev/STMRepos/light_module/build/cmake/stm32cubemx/CMakeFiles/STM32_Drivers.dir/__/__/Drivers/STM32F1xx_HAL_Driver/Src/stm32f1xx_hal_i2c.c.obj
 .debug_line    0x000000000000dcf5     0x33e3 C:/Dev/STMRepos/light_module/build/cmake/stm32cubemx/CMakeFiles/STM32_Drivers.dir/__/__/Drivers/STM32F1xx_HAL_Driver/Src/stm32f1xx_hal_tim.c.obj
 .debug_line    0x00000000000110d8     0x182b C:/Dev/STMRepos/light_module/build/cmake/stm32cubemx/CMakeFiles/STM32_Drivers.dir/__/__/Drivers/STM32F1xx_HAL_Driver/Src/stm32f1xx_hal_tim_ex.c.obj
 .debug_line    0x0000000000012903     0x27a0 C:/Dev/STMRepos/light_module/build/cmake/stm32cubemx/CMakeFiles/STM32_Drivers.dir/__/__/Drivers/STM32F1xx_HAL_Driver/Src/stm32f1xx_hal_uart.c.obj
 .debug_line    0x00000000000150a3      0x185 C:/ST/STM32CubeCLT/GNU-tools-for-STM32/bin/../lib/gcc/arm-none-eabi/11.3.1/../../../../arm-none-eabi/lib/thumb/v7-m/nofp\libg_nano.a(libc_a-errno.o)

.debug_str      0x0000000000000000    0x91dd8
 .debug_str     0x0000000000000000    0x89c45 CMakeFiles/light_module.dir/Core/Src/main.c.obj
                                      0x89f83 (size before relaxing)
 .debug_str     0x0000000000089c45       0xa7 CMakeFiles/light_module.dir/Core/Src/gpio.c.obj
                                      0x89cf9 (size before relaxing)
 .debug_str     0x0000000000089cec      0x355 CMakeFiles/light_module.dir/Core/Src/adc.c.obj
                                      0x8a09e (size before relaxing)
 .debug_str     0x000000000008a041      0x2c2 CMakeFiles/light_module.dir/Core/Src/dma.c.obj
                                      0x89f57 (size before relaxing)
 .debug_str     0x000000000008a303      0x2a9 CMakeFiles/light_module.dir/Core/Src/i2c.c.obj
                                      0x8a1b3 (size before relaxing)
 .debug_str     0x000000000008a5ac      0x4fb CMakeFiles/light_module.dir/Core/Src/tim.c.obj
                                      0x8a46c (size before relaxing)
 .debug_str     0x000000000008aaa7      0x242 CMakeFiles/light_module.dir/Core/Src/usart.c.obj
                                      0x8a141 (size before relaxing)
 .debug_str     0x000000000008ace9      0x10f CMakeFiles/light_module.dir/Core/Src/stm32f1xx_it.c.obj
                                      0x89ebb (size before relaxing)
 .debug_str     0x000000000008adf8       0x74 CMakeFiles/light_module.dir/Core/Src/stm32f1xx_hal_msp.c.obj
                                      0x89c81 (size before relaxing)
 .debug_str     0x000000000008ae6c       0x3f CMakeFiles/light_module.dir/startup_stm32f103xb.s.obj
                                         0x62 (size before relaxing)
 .debug_str     0x000000000008aeab       0xfb CMakeFiles/light_module.dir/Core/Src/led_effects.c.obj
                                      0x89d1c (size before relaxing)
 .debug_str     0x000000000008afa6     0x3385 CMakeFiles/light_module.dir/Core/Src/ws2812b.c.obj
                                      0x8d536 (size before relaxing)
 .debug_str     0x000000000008e32b      0x175 C:/Dev/STMRepos/light_module/build/cmake/stm32cubemx/CMakeFiles/STM32_Drivers.dir/__/__/Core/Src/system_stm32f1xx.c.obj
                                      0x89a32 (size before relaxing)
 .debug_str     0x000000000008e4a0      0x3c3 C:/Dev/STMRepos/light_module/build/cmake/stm32cubemx/CMakeFiles/STM32_Drivers.dir/__/__/Drivers/STM32F1xx_HAL_Driver/Src/stm32f1xx_hal_adc.c.obj
                                      0x8a064 (size before relaxing)
 .debug_str     0x000000000008e863      0x388 C:/Dev/STMRepos/light_module/build/cmake/stm32cubemx/CMakeFiles/STM32_Drivers.dir/__/__/Drivers/STM32F1xx_HAL_Driver/Src/stm32f1xx_hal.c.obj
                                      0x8a0b3 (size before relaxing)
 .debug_str     0x000000000008ebeb      0x243 C:/Dev/STMRepos/light_module/build/cmake/stm32cubemx/CMakeFiles/STM32_Drivers.dir/__/__/Drivers/STM32F1xx_HAL_Driver/Src/stm32f1xx_hal_rcc.c.obj
                                      0x89daf (size before relaxing)
 .debug_str     0x000000000008ee2e       0x9e C:/Dev/STMRepos/light_module/build/cmake/stm32cubemx/CMakeFiles/STM32_Drivers.dir/__/__/Drivers/STM32F1xx_HAL_Driver/Src/stm32f1xx_hal_rcc_ex.c.obj
                                      0x89aff (size before relaxing)
 .debug_str     0x000000000008eecc      0x2fb C:/Dev/STMRepos/light_module/build/cmake/stm32cubemx/CMakeFiles/STM32_Drivers.dir/__/__/Drivers/STM32F1xx_HAL_Driver/Src/stm32f1xx_hal_gpio.c.obj
                                      0x89d06 (size before relaxing)
 .debug_str     0x000000000008f1c7      0x1fc C:/Dev/STMRepos/light_module/build/cmake/stm32cubemx/CMakeFiles/STM32_Drivers.dir/__/__/Drivers/STM32F1xx_HAL_Driver/Src/stm32f1xx_hal_dma.c.obj
                                      0x89d29 (size before relaxing)
 .debug_str     0x000000000008f3c3      0x26e C:/Dev/STMRepos/light_module/build/cmake/stm32cubemx/CMakeFiles/STM32_Drivers.dir/__/__/Drivers/STM32F1xx_HAL_Driver/Src/stm32f1xx_hal_cortex.c.obj
                                      0x89fff (size before relaxing)
 .debug_str     0x000000000008f631      0xb9b C:/Dev/STMRepos/light_module/build/cmake/stm32cubemx/CMakeFiles/STM32_Drivers.dir/__/__/Drivers/STM32F1xx_HAL_Driver/Src/stm32f1xx_hal_i2c.c.obj
                                      0x8aa47 (size before relaxing)